Archive member included to satisfy reference by file (symbol)

app/libapp.a(main.c.obj)      (--whole-archive)
app/libapp.a(gpio_abstract.c.obj)
                              (--whole-archive)
app/libapp.a(peripheral.c.obj)
                              (--whole-archive)
app/libapp.a(bt_abstract.c.obj)
                              (--whole-archive)
app/libapp.a(adc_abstract.c.obj)
                              (--whole-archive)
zephyr/libzephyr.a(cbprintf_packaged.c.obj)
                              (--whole-archive)
zephyr/libzephyr.a(crc32c_sw.c.obj)
                              (--whole-archive)
zephyr/libzephyr.a(crc32_sw.c.obj)
                              (--whole-archive)
zephyr/libzephyr.a(crc16_sw.c.obj)
                              (--whole-archive)
zephyr/libzephyr.a(crc8_sw.c.obj)
                              (--whole-archive)
zephyr/libzephyr.a(crc7_sw.c.obj)
                              (--whole-archive)
zephyr/libzephyr.a(dec.c.obj)
                              (--whole-archive)
zephyr/libzephyr.a(fdtable.c.obj)
                              (--whole-archive)
zephyr/libzephyr.a(hex.c.obj)
                              (--whole-archive)
zephyr/libzephyr.a(printk.c.obj)
                              (--whole-archive)
zephyr/libzephyr.a(rb.c.obj)  (--whole-archive)
zephyr/libzephyr.a(sem.c.obj)
                              (--whole-archive)
zephyr/libzephyr.a(thread_entry.c.obj)
                              (--whole-archive)
zephyr/libzephyr.a(timeutil.c.obj)
                              (--whole-archive)
zephyr/libzephyr.a(heap.c.obj)
                              (--whole-archive)
zephyr/libzephyr.a(heap-validate.c.obj)
                              (--whole-archive)
zephyr/libzephyr.a(bitarray.c.obj)
                              (--whole-archive)
zephyr/libzephyr.a(multi_heap.c.obj)
                              (--whole-archive)
zephyr/libzephyr.a(onoff.c.obj)
                              (--whole-archive)
zephyr/libzephyr.a(notify.c.obj)
                              (--whole-archive)
zephyr/libzephyr.a(cbprintf_complete.c.obj)
                              (--whole-archive)
zephyr/libzephyr.a(cbprintf.c.obj)
                              (--whole-archive)
zephyr/libzephyr.a(assert.c.obj)
                              (--whole-archive)
zephyr/libzephyr.a(mpsc_pbuf.c.obj)
                              (--whole-archive)
zephyr/libzephyr.a(reboot.c.obj)
                              (--whole-archive)
zephyr/libzephyr.a(configs.c.obj)
                              (--whole-archive)
zephyr/libzephyr.a(soc.c.obj)
                              (--whole-archive)
zephyr/libzephyr.a(power.c.obj)
                              (--whole-archive)
zephyr/libzephyr.a(sync_rtc.c.obj)
                              (--whole-archive)
zephyr/libzephyr.a(soc_nrf_common.S.obj)
                              (--whole-archive)
zephyr/libzephyr.a(soc_secure.c.obj)
                              (--whole-archive)
zephyr/libzephyr.a(validate_base_addresses.c.obj)
                              (--whole-archive)
zephyr/libzephyr.a(validate_enabled_instances.c.obj)
                              (--whole-archive)
zephyr/libzephyr.a(log_core.c.obj)
                              (--whole-archive)
zephyr/libzephyr.a(log_mgmt.c.obj)
                              (--whole-archive)
zephyr/libzephyr.a(log_cache.c.obj)
                              (--whole-archive)
zephyr/libzephyr.a(log_msg.c.obj)
                              (--whole-archive)
zephyr/libzephyr.a(log_output.c.obj)
                              (--whole-archive)
zephyr/libzephyr.a(log_backend_uart.c.obj)
                              (--whole-archive)
zephyr/libzephyr.a(dis.c.obj)
                              (--whole-archive)
zephyr/libzephyr.a(bas.c.obj)
                              (--whole-archive)
zephyr/libzephyr.a(hrs.c.obj)
                              (--whole-archive)
zephyr/libzephyr.a(ipc_service.c.obj)
                              (--whole-archive)
zephyr/libzephyr.a(ipc_rpmsg_static_vrings.c.obj)
                              (--whole-archive)
zephyr/libzephyr.a(ipc_rpmsg.c.obj)
                              (--whole-archive)
zephyr/libzephyr.a(ipc_static_vrings.c.obj)
                              (--whole-archive)
zephyr/libzephyr.a(addr_utils.c.obj)
                              (--whole-archive)
zephyr/libzephyr.a(pm.c.obj)  (--whole-archive)
zephyr/libzephyr.a(policy.c.obj)
                              (--whole-archive)
zephyr/libzephyr.a(state.c.obj)
                              (--whole-archive)
zephyr/libzephyr.a(tracing_none.c.obj)
                              (--whole-archive)
zephyr/libzephyr.a(flash_map_partition_manager.c.obj)
                              (--whole-archive)
zephyr/libzephyr.a(utils.c.obj)
                              (--whole-archive)
zephyr/libzephyr.a(aes_decrypt.c.obj)
                              (--whole-archive)
zephyr/libzephyr.a(aes_encrypt.c.obj)
[...]
Memory Configuration

Name             Origin             Length             Attributes
FLASH            0x0000000000008000 0x00000000000f8000 xr
RAM              0x0000000020008000 0x0000000000068000 xw
IDT_LIST         0x00000000fffff7ff 0x0000000000000800 xw
*default*        0x0000000000000000 0xffffffffffffffff

Linker script and memory map

LOAD zephyr/CMakeFiles/zephyr_final.dir/misc/empty_file.c.obj
LOAD zephyr/CMakeFiles/zephyr_final.dir/dev_handles.c.obj
LOAD zephyr/CMakeFiles/zephyr_final.dir/isr_tables.c.obj
LOAD zephyr/CMakeFiles/offsets.dir/./arch/arm/core/offsets/offsets.c.obj
LOAD tfm/secure_fw/s_veneers.o
                0x0000000000000020                _region_min_align = 0x20

.rel.plt        0x0000000000008000        0x0
 *(SORT_BY_ALIGNMENT(.rel.plt))
                [!provide]                        PROVIDE (__rel_iplt_start = .)
 *(SORT_BY_ALIGNMENT(.rel.iplt))
 .rel.iplt      0x0000000000008000        0x0 zephyr/CMakeFiles/zephyr_final.dir/isr_tables.c.obj
                [!provide]                        PROVIDE (__rel_iplt_end = .)

.rela.plt       0x0000000000000000        0x0
 *(SORT_BY_ALIGNMENT(.rela.plt))
                [!provide]                        PROVIDE (__rela_iplt_start = .)
 *(SORT_BY_ALIGNMENT(.rela.iplt))
                [!provide]                        PROVIDE (__rela_iplt_end = .)

.rel.dyn
 *(SORT_BY_ALIGNMENT(.rel.*))

.rela.dyn
 *(SORT_BY_ALIGNMENT(.rela.*))

/DISCARD/
 *(SORT_BY_ALIGNMENT(.plt))

/DISCARD/
 *(SORT_BY_ALIGNMENT(.iplt))
                0x0000000000008000                __rom_region_start = 0x8000

rom_start       0x0000000000008000      0x154
                0x0000000000000000                . = 0x0
                0x0000000000000000                . = ALIGN (0x4)
                0x0000000000000000                . = ALIGN (0x80)
                0x0000000000000000                . = ALIGN (0x200)
                0x0000000000008000                _vector_start = .
 *(SORT_BY_ALIGNMENT(.exc_vector_table))
 *(SORT_BY_ALIGNMENT(.exc_vector_table.*))
 .exc_vector_table._vector_table_section
                0x0000000000008000       0x40 zephyr/arch/arch/arm/core/aarch32/cortex_m/libarch__arm__core__aarch32__cortex_m.a(vector_table.S.obj)
                0x0000000000008000                _vector_table
 *(SORT_BY_ALIGNMENT(.vectors))
                0x0000000000008154                _vector_end = .
                0x0000000000008040                . = ALIGN (0x4)
 *(SORT_BY_ALIGNMENT(.gnu.linkonce.irq_vector_table*))
 .gnu.linkonce.irq_vector_table
                0x0000000000008040      0x114 zephyr/CMakeFiles/zephyr_final.dir/isr_tables.c.obj
                0x0000000000008040                _irq_vector_table
                0x0000000000008154                _vector_end = .

text            0x0000000000008158    0x175c8
                0x0000000000008158                __text_region_start = .
 *(SORT_BY_ALIGNMENT(.text))
 .text          0x0000000000008158      0x378 c:/ncs/toolchains/0b393f9e1b/opt/zephyr-sdk/arm-zephyr-eabi/bin/../lib/gcc/arm-zephyr-eabi/12.2.0/thumb/v8-m.main/nofp\libgcc.a(_arm_addsubdf3.o)
                0x0000000000008158                __aeabi_drsub
                0x0000000000008160                __aeabi_dsub
                0x0000000000008160                __subdf3
                0x0000000000008164                __aeabi_dadd
                0x0000000000008164                __adddf3
                0x00000000000083dc                __floatunsidf
                0x00000000000083dc                __aeabi_ui2d
                0x00000000000083fc                __floatsidf
                0x00000000000083fc                __aeabi_i2d
                0x0000000000008420                __aeabi_f2d
                0x0000000000008420                __extendsfdf2
                0x0000000000008464                __floatundidf
                0x0000000000008464                __aeabi_ul2d
                0x0000000000008474                __floatdidf
                0x0000000000008474                __aeabi_l2d
 .text          0x00000000000084d0      0x21c c:/ncs/toolchains/0b393f9e1b/opt/zephyr-sdk/arm-zephyr-eabi/bin/../lib/gcc/arm-zephyr-eabi/12.2.0/thumb/v8-m.main/nofp\libgcc.a(_arm_addsubsf3.o)
                0x00000000000084d0                __aeabi_frsub
                0x00000000000084d8                __subsf3
                0x00000000000084d8                __aeabi_fsub
                0x00000000000084dc                __aeabi_fadd
                0x00000000000084dc                __addsf3
                0x000000000000863c                __aeabi_ui2f
                0x000000000000863c                __floatunsisf
                0x0000000000008644                __aeabi_i2f
                0x0000000000008644                __floatsisf
                0x0000000000008660                __aeabi_ul2f
                0x0000000000008660                __floatundisf
                0x0000000000008670                __aeabi_l2f
                0x0000000000008670                __floatdisf
 .text          0x00000000000086ec      0x2a0 c:/ncs/toolchains/0b393f9e1b/opt/zephyr-sdk/arm-zephyr-eabi/bin/../lib/gcc/arm-zephyr-eabi/12.2.0/thumb/v8-m.main/nofp\libgcc.a(_arm_muldivsf3.o)
                0x00000000000086ec                __mulsf3
                0x00000000000086ec                __aeabi_fmul
                0x0000000000008854                __aeabi_fdiv
                0x0000000000008854                __divsf3
 .text          0x000000000000898c       0xec c:/ncs/toolchains/0b393f9e1b/opt/zephyr-sdk/arm-zephyr-eabi/bin/../lib/gcc/arm-zephyr-eabi/12.2.0/thumb/v8-m.main/nofp\libgcc.a(_arm_cmpsf2.o)
                0x000000000000898c                __gesf2
                0x000000000000898c                __gtsf2
                0x0000000000008994                __lesf2
                0x0000000000008994                __ltsf2
                0x000000000000899c                __nesf2
                0x000000000000899c                __eqsf2
                0x000000000000899c                __cmpsf2
                0x00000000000089fc                __aeabi_cfrcmple
                0x0000000000008a04                __aeabi_cfcmpeq
                0x0000000000008a04                __aeabi_cfcmple
                0x0000000000008a14                __aeabi_fcmpeq
                0x0000000000008a28                __aeabi_fcmplt
                0x0000000000008a3c                __aeabi_fcmple
                0x0000000000008a50                __aeabi_fcmpge
                0x0000000000008a64                __aeabi_fcmpgt
 .text          0x0000000000008a78       0x40 c:/ncs/toolchains/0b393f9e1b/opt/zephyr-sdk/arm-zephyr-eabi/bin/../lib/gcc/arm-zephyr-eabi/12.2.0/thumb/v8-m.main/nofp\libgcc.a(_arm_fixunssfsi.o)
                0x0000000000008a78                __fixunssfsi
                0x0000000000008a78                __aeabi_f2uiz
 .text          0x0000000000008ab8       0x30 c:/ncs/toolchains/0b393f9e1b/opt/zephyr-sdk/arm-zephyr-eabi/bin/../lib/gcc/arm-zephyr-eabi/12.2.0/thumb/v8-m.main/nofp\libgcc.a(_aeabi_uldivmod.o)
                0x0000000000008ab8                __aeabi_uldivmod
 .text          0x0000000000008ae8        0x4 c:/ncs/toolchains/0b393f9e1b/opt/zephyr-sdk/arm-zephyr-eabi/bin/../lib/gcc/arm-zephyr-eabi/12.2.0/thumb/v8-m.main/nofp\libgcc.a(_dvmd_tls.o)
                0x0000000000008ae8                __aeabi_idiv0
                0x0000000000008ae8                __aeabi_ldiv0
 .text          0x0000000000008aec      0x29c c:/ncs/toolchains/0b393f9e1b/opt/zephyr-sdk/arm-zephyr-eabi/bin/../lib/gcc/arm-zephyr-eabi/12.2.0/thumb/v8-m.main/nofp\libgcc.a(_udivmoddi4.o)
                0x0000000000008aec                __udivmoddi4
 *(SORT_BY_ALIGNMENT(.text.*))
 .text.bt_init  0x0000000000008d88      0x62c zephyr/subsys/bluetooth/host/libsubsys__bluetooth__host.a(hci_core.c.obj)
 .text.interrupt_callback
                0x00000000000093b4       0x50 app/libapp.a(gpio_abstract.c.obj)
                0x00000000000093b4                interrupt_callback
 .text.gpio_init
                0x0000000000009404       0x70 app/libapp.a(gpio_abstract.c.obj)
                0x0000000000009404                gpio_init
 .text.gpio_configure
                0x0000000000009474       0x84 app/libapp.a(gpio_abstract.c.obj)
                0x0000000000009474                gpio_configure
 .text.gpio_configure_interrupt
                0x00000000000094f8       0xb8 app/libapp.a(gpio_abstract.c.obj)
                0x00000000000094f8                gpio_configure_interrupt
 .text.peripheral_init
                0x00000000000095b0       0xac app/libapp.a(peripheral.c.obj)
                0x00000000000095b0                peripheral_init
 .text.is_button1_pressed
                0x000000000000965c       0x20 app/libapp.a(peripheral.c.obj)
                0x000000000000965c                is_button1_pressed
 .text.is_button2_pressed
                0x000000000000967c       0x20 app/libapp.a(peripheral.c.obj)
                0x000000000000967c                is_button2_pressed
 .text.bt_bas_set
                0x000000000000969c       0x40 app/libapp.a(peripheral.c.obj)
                0x000000000000969c                bt_bas_set
 .text.bt_hrs_set
                0x00000000000096dc       0x40 app/libapp.a(peripheral.c.obj)
                0x00000000000096dc                bt_hrs_set
 .text.set_heart_rate_value
                0x000000000000971c       0x3c app/libapp.a(peripheral.c.obj)
                0x000000000000971c                set_heart_rate_value
 .text.set_battery_perc
                0x0000000000009758       0x38 app/libapp.a(peripheral.c.obj)
                0x0000000000009758                set_battery_perc
 .text.disconnected
                0x0000000000009790       0x1c app/libapp.a(bt_abstract.c.obj)
 .text.connected
                0x00000000000097ac       0x30 app/libapp.a(bt_abstract.c.obj)
 .text.auth_cancel
                0x00000000000097dc       0x8c app/libapp.a(bt_abstract.c.obj)
 .text.bt_ready
                0x0000000000009868       0x64 app/libapp.a(bt_abstract.c.obj)
                0x0000000000009868                bt_ready
 .text.bt_conn_auth_cb_reg
                0x00000000000098cc       0x3c app/libapp.a(bt_abstract.c.obj)
                0x00000000000098cc                bt_conn_auth_cb_reg
 .text.adc_init
                0x0000000000009908       0x3c app/libapp.a(adc_abstract.c.obj)
                0x0000000000009908                adc_init
 .text.Ff_buffer_add
                0x0000000000009944       0x54 app/libapp.a(adc_abstract.c.obj)
                0x0000000000009944                Ff_buffer_add
 .text.data_is_valid
                0x0000000000009998       0x78 app/libapp.a(adc_abstract.c.obj)
                0x0000000000009998                data_is_valid
 .text.spike_counter
                0x0000000000009a10       0x38 app/libapp.a(adc_abstract.c.obj)
                0x0000000000009a10                spike_counter
 .text.adc_get_media
                0x0000000000009a48       0x44 app/libapp.a(adc_abstract.c.obj)
                0x0000000000009a48                adc_get_media
 .text.adc_read_ch_data
                0x0000000000009a8c      0x108 app/libapp.a(adc_abstract.c.obj)
                0x0000000000009a8c                adc_read_ch_data
 .text.cbprintf_package_convert
                0x0000000000009b94      0x3c4 zephyr/libzephyr.a(cbprintf_packaged.c.obj)
                0x0000000000009b94                cbprintf_package_convert
 .text.char_out
                0x0000000000009f58        0xc zephyr/libzephyr.a(printk.c.obj)
 .text.__printk_hook_install
                0x0000000000009f64        0xc zephyr/libzephyr.a(printk.c.obj)
                0x0000000000009f64                __printk_hook_install
 .text.vprintk  0x0000000000009f70       0x1c zephyr/libzephyr.a(printk.c.obj)
                0x0000000000009f70                vprintk
 .text.vsnprintk
                0x0000000000009f8c       0x2c zephyr/libzephyr.a(printk.c.obj)
                0x0000000000009f8c                vsnprintk
 .text.process_event
                0x0000000000009fb8      0x21c zephyr/libzephyr.a(onoff.c.obj)
 .text.z_cbvprintf_impl
                0x000000000000a1d4      0xcd4 zephyr/libzephyr.a(cbprintf_complete.c.obj)
                0x000000000000a1d4                z_cbvprintf_impl
 .text.arch_busy_wait
                0x000000000000aea8       0x24 zephyr/libzephyr.a(soc.c.obj)
                0x000000000000aea8                arch_busy_wait
 .text.sync_rtc_setup
                0x000000000000aecc       0xd0 zephyr/libzephyr.a(sync_rtc.c.obj)
 .text.rtc_cb   0x000000000000af9c       0x44 zephyr/libzephyr.a(sync_rtc.c.obj)
 .text.mbox_callback
                0x000000000000afe0       0x70 zephyr/libzephyr.a(sync_rtc.c.obj)
 .text.z_arm_platform_init
                0x000000000000b050        0x4 zephyr/libzephyr.a(soc_nrf_common.S.obj)
                0x000000000000b050                z_arm_platform_init
 .text.activate_foreach_backend
                0x000000000000b054       0x64 zephyr/libzephyr.a(log_core.c.obj)
 .text.enable_logger
                0x000000000000b0b8       0x5c zephyr/libzephyr.a(log_core.c.obj)
 .text.log_process_thread_timer_expiry_fn
                0x000000000000b114        0xc zephyr/libzephyr.a(log_core.c.obj)
 .text.z_log_init
                0x000000000000b120       0x90 zephyr/libzephyr.a(log_core.c.obj)
 .text.log_format_func_t_get
                0x000000000000b1b0        0xc zephyr/libzephyr.a(log_core.c.obj)
                0x000000000000b1b0                log_format_func_t_get
 .text.log_set_timestamp_func
                0x000000000000b1bc       0x20 zephyr/libzephyr.a(log_core.c.obj)
                0x000000000000b1bc                log_set_timestamp_func
 .text.z_log_notify_backend_enabled
                0x000000000000b1dc       0x1c zephyr/libzephyr.a(log_core.c.obj)
                0x000000000000b1dc                z_log_notify_backend_enabled
 .text.z_log_dropped
                0x000000000000b1f8       0x28 zephyr/libzephyr.a(log_core.c.obj)
                0x000000000000b1f8                z_log_dropped
 .text.z_log_dropped_read_and_clear
                0x000000000000b220       0x18 zephyr/libzephyr.a(log_core.c.obj)
                0x000000000000b220                z_log_dropped_read_and_clear
 .text.dropped_notify
                0x000000000000b238       0x30 zephyr/libzephyr.a(log_core.c.obj)
                0x000000000000b238                dropped_notify
 .text.z_log_msg_init
                0x000000000000b268       0x20 zephyr/libzephyr.a(log_core.c.obj)
                0x000000000000b268                z_log_msg_init
 .text.log_core_init
                0x000000000000b288       0x2c zephyr/libzephyr.a(log_core.c.obj)
                0x000000000000b288                log_core_init
 .text.z_log_msg_alloc
                0x000000000000b2b4       0x10 zephyr/libzephyr.a(log_core.c.obj)
                0x000000000000b2b4                z_log_msg_alloc
 .text.z_log_msg_local_claim
                0x000000000000b2c4        0xc zephyr/libzephyr.a(log_core.c.obj)
                0x000000000000b2c4                z_log_msg_local_claim
 .text.z_log_msg_free
                0x000000000000b2d0       0x10 zephyr/libzephyr.a(log_core.c.obj)
                0x000000000000b2d0                z_log_msg_free
 .text.z_log_msg_pending
                0x000000000000b2e0        0xc zephyr/libzephyr.a(log_core.c.obj)
                0x000000000000b2e0                z_log_msg_pending
 .text.z_impl_log_process
                0x000000000000b2ec       0xb4 zephyr/libzephyr.a(log_core.c.obj)
                0x000000000000b2ec                z_impl_log_process
 .text.z_impl_log_panic
                0x000000000000b3a0       0x44 zephyr/libzephyr.a(log_core.c.obj)
                0x000000000000b3a0                z_impl_log_panic
 .text.log_process_thread_func
                0x000000000000b3e4       0x9c zephyr/libzephyr.a(log_core.c.obj)
 .text.z_log_msg_post_finalize
                0x000000000000b480       0x78 zephyr/libzephyr.a(log_core.c.obj)
 .text.z_log_msg_commit
                0x000000000000b4f8       0x24 zephyr/libzephyr.a(log_core.c.obj)
                0x000000000000b4f8                z_log_msg_commit
 .text.log_source_name_get
                0x000000000000b51c       0x1c zephyr/libzephyr.a(log_mgmt.c.obj)
                0x000000000000b51c                log_source_name_get
 .text.log_backend_enable
                0x000000000000b538       0x28 zephyr/libzephyr.a(log_mgmt.c.obj)
                0x000000000000b538                log_backend_enable
 .text.z_impl_z_log_msg_static_create
                0x000000000000b560       0xa8 zephyr/libzephyr.a(log_msg.c.obj)
                0x000000000000b560                z_impl_z_log_msg_static_create
 .text.print_formatted
                0x000000000000b608       0x24 zephyr/libzephyr.a(log_output.c.obj)
 .text.newline_print
                0x000000000000b62c       0x1c zephyr/libzephyr.a(log_output.c.obj)
 .text.log_output_process
                0x000000000000b648      0x2a4 zephyr/libzephyr.a(log_output.c.obj)
                0x000000000000b648                log_output_process
 .text.log_output_msg_process
                0x000000000000b8ec       0x6c zephyr/libzephyr.a(log_output.c.obj)
                0x000000000000b8ec                log_output_msg_process
 .text.log_output_dropped_process
                0x000000000000b958       0x58 zephyr/libzephyr.a(log_output.c.obj)
                0x000000000000b958                log_output_dropped_process
 .text.log_output_timestamp_freq_set
                0x000000000000b9b0       0x2c zephyr/libzephyr.a(log_output.c.obj)
                0x000000000000b9b0                log_output_timestamp_freq_set
 .text.format_set
                0x000000000000b9dc        0xc zephyr/libzephyr.a(log_backend_uart.c.obj)
 .text.panic    0x000000000000b9e8       0x14 zephyr/libzephyr.a(log_backend_uart.c.obj)
 .text.dropped  0x000000000000b9fc        0xc zephyr/libzephyr.a(log_backend_uart.c.obj)
 .text.process  0x000000000000ba08       0x24 zephyr/libzephyr.a(log_backend_uart.c.obj)
 .text.char_out
                0x000000000000ba2c       0x24 zephyr/libzephyr.a(log_backend_uart.c.obj)
 .text.read_blvl
                0x000000000000ba50       0x28 zephyr/libzephyr.a(bas.c.obj)
 .text.blvl_ccc_cfg_changed
                0x000000000000ba78       0x50 zephyr/libzephyr.a(bas.c.obj)
 .text.bt_bas_set_battery_level
                0x000000000000bac8       0x50 zephyr/libzephyr.a(bas.c.obj)
                0x000000000000bac8                bt_bas_set_battery_level
 .text.hrs_init
                0x000000000000bb18       0x10 zephyr/libzephyr.a(hrs.c.obj)
 .text.read_blsc
                0x000000000000bb28       0x1c zephyr/libzephyr.a(hrs.c.obj)
 .text.hrmc_ccc_cfg_changed
                0x000000000000bb44       0x50 zephyr/libzephyr.a(hrs.c.obj)
 .text.bt_hrs_notify
                0x000000000000bb94       0x40 zephyr/libzephyr.a(hrs.c.obj)
                0x000000000000bb94                bt_hrs_notify
 .text.ipc_service_open_instance
                0x000000000000bbd4       0x74 zephyr/libzephyr.a(ipc_service.c.obj)
                0x000000000000bbd4                ipc_service_open_instance
 .text.ipc_service_register_endpoint
                0x000000000000bc48       0x7c zephyr/libzephyr.a(ipc_service.c.obj)
                0x000000000000bc48                ipc_service_register_endpoint
 .text.ipc_service_send
                0x000000000000bcc4       0xa8 zephyr/libzephyr.a(ipc_service.c.obj)
                0x000000000000bcc4                ipc_service_send
 .text.shared_memory_prepare
                0x000000000000bd6c       0x14 zephyr/libzephyr.a(ipc_rpmsg_static_vrings.c.obj)
 .text.bound_cb
                0x000000000000bd80       0x30 zephyr/libzephyr.a(ipc_rpmsg_static_vrings.c.obj)
 .text.advertise_ept
                0x000000000000bdb0       0x44 zephyr/libzephyr.a(ipc_rpmsg_static_vrings.c.obj)
 .text.get_ept  0x000000000000bdf4       0x28 zephyr/libzephyr.a(ipc_rpmsg_static_vrings.c.obj)
 .text.open     0x000000000000be1c      0x1b8 zephyr/libzephyr.a(ipc_rpmsg_static_vrings.c.obj)
 .text.close    0x000000000000bfd4       0xc4 zephyr/libzephyr.a(ipc_rpmsg_static_vrings.c.obj)
 .text.send     0x000000000000c098       0x4c zephyr/libzephyr.a(ipc_rpmsg_static_vrings.c.obj)
 .text.register_ept
                0x000000000000c0e4       0xe0 zephyr/libzephyr.a(ipc_rpmsg_static_vrings.c.obj)
 .text.ns_bind_cb
                0x000000000000c1c4       0x6c zephyr/libzephyr.a(ipc_rpmsg.c.obj)
 .text.ipc_rpmsg_register_ept
                0x000000000000c230       0x3c zephyr/libzephyr.a(ipc_rpmsg.c.obj)
                0x000000000000c230                ipc_rpmsg_register_ept
 .text.ipc_rpmsg_init
                0x000000000000c26c       0x6c zephyr/libzephyr.a(ipc_rpmsg.c.obj)
                0x000000000000c26c                ipc_rpmsg_init
 .text.ipc_static_vrings_init
                0x000000000000c2d8      0x104 zephyr/libzephyr.a(ipc_static_vrings.c.obj)
                0x000000000000c2d8                ipc_static_vrings_init
 .text.pm_state_notify
                0x000000000000c3dc       0x5c zephyr/libzephyr.a(pm.c.obj)
 .text.pm_system_resume
                0x000000000000c438       0x70 zephyr/libzephyr.a(pm.c.obj)
                0x000000000000c438                pm_system_resume
 .text.pm_system_suspend
                0x000000000000c4a8       0xec zephyr/libzephyr.a(pm.c.obj)
                0x000000000000c4a8                pm_system_suspend
 .text.pm_policy_next_state
                0x000000000000c594       0x94 zephyr/libzephyr.a(policy.c.obj)
                0x000000000000c594                pm_policy_next_state
 .text.pm_state_cpu_get_all
                0x000000000000c628       0x10 zephyr/libzephyr.a(state.c.obj)
                0x000000000000c628                pm_state_cpu_get_all
 .text.sub_bytes
                0x000000000000c638       0x18 zephyr/libzephyr.a(aes_encrypt.c.obj)
 .text.tc_aes128_set_encrypt_key
                0x000000000000c650       0xa8 zephyr/libzephyr.a(aes_encrypt.c.obj)
                0x000000000000c650                tc_aes128_set_encrypt_key
 .text.compress
                0x000000000000c6f8      0x1d4 zephyr/libzephyr.a(sha256.c.obj)
 .text.tc_sha256_init
                0x000000000000c8cc       0x58 zephyr/libzephyr.a(sha256.c.obj)
                0x000000000000c8cc                tc_sha256_init
 .text.z_arm_cpu_idle_init
                0x000000000000c924        0xc zephyr/arch/arch/arm/core/aarch32/libarch__arm__core__aarch32.a(cpu_idle.S.obj)
                0x000000000000c924                z_arm_cpu_idle_init
 .text.arch_cpu_idle
                0x000000000000c930       0x1c zephyr/arch/arch/arm/core/aarch32/libarch__arm__core__aarch32.a(cpu_idle.S.obj)
                0x000000000000c930                arch_cpu_idle
 .text.arch_cpu_atomic_idle
                0x000000000000c94c       0x14 zephyr/arch/arch/arm/core/aarch32/libarch__arm__core__aarch32.a(cpu_idle.S.obj)
                0x000000000000c94c                arch_cpu_atomic_idle
 .text.z_arm_fatal_error
                0x000000000000c960       0xdc zephyr/arch/arch/arm/core/aarch32/libarch__arm__core__aarch32.a(fatal.c.obj)
                0x000000000000c960                z_arm_fatal_error
 .text.arch_irq_enable
                0x000000000000ca3c       0x1c zephyr/arch/arch/arm/core/aarch32/libarch__arm__core__aarch32.a(irq_manage.c.obj)
                0x000000000000ca3c                arch_irq_enable
 .text.arch_irq_disable
                0x000000000000ca58       0x28 zephyr/arch/arch/arm/core/aarch32/libarch__arm__core__aarch32.a(irq_manage.c.obj)
                0x000000000000ca58                arch_irq_disable
 .text.arch_irq_is_enabled
                0x000000000000ca80       0x1c zephyr/arch/arch/arm/core/aarch32/libarch__arm__core__aarch32.a(irq_manage.c.obj)
                0x000000000000ca80                arch_irq_is_enabled
 .text.z_arm_irq_priority_set
                0x000000000000ca9c       0x2c zephyr/arch/arch/arm/core/aarch32/libarch__arm__core__aarch32.a(irq_manage.c.obj)
                0x000000000000ca9c                z_arm_irq_priority_set
 .text.z_SysNmiOnReset
                0x000000000000cac8        0x8 zephyr/arch/arch/arm/core/aarch32/libarch__arm__core__aarch32.a(nmi_on_reset.S.obj)
                0x000000000000cac8                z_SysNmiOnReset
 .text.z_arm_prep_c
                0x000000000000cad0       0x38 zephyr/arch/arch/arm/core/aarch32/libarch__arm__core__aarch32.a(prep_c.c.obj)
                0x000000000000cad0                z_arm_prep_c
 .text.arch_swap
                0x000000000000cb08       0x34 zephyr/arch/arch/arm/core/aarch32/libarch__arm__core__aarch32.a(swap.c.obj)
                0x000000000000cb08                arch_swap
 .text.z_arm_pendsv
                0x000000000000cb3c       0x60 zephyr/arch/arch/arm/core/aarch32/libarch__arm__core__aarch32.a(swap_helper.S.obj)
                0x000000000000cb3c                z_arm_pendsv
 .text.z_arm_svc
                0x000000000000cb9c       0x20 zephyr/arch/arch/arm/core/aarch32/libarch__arm__core__aarch32.a(swap_helper.S.obj)
                0x000000000000cb9c                z_arm_svc
 .text.arch_new_thread
                0x000000000000cbbc       0x40 zephyr/arch/arch/arm/core/aarch32/libarch__arm__core__aarch32.a(thread.c.obj)
                0x000000000000cbbc                arch_new_thread
 .text.arch_switch_to_main_thread
                0x000000000000cbfc       0x28 zephyr/arch/arch/arm/core/aarch32/libarch__arm__core__aarch32.a(thread.c.obj)
                0x000000000000cbfc                arch_switch_to_main_thread
 .text._isr_wrapper
                0x000000000000cc24       0x40 zephyr/arch/arch/arm/core/aarch32/libarch__arm__core__aarch32.a(isr_wrapper.S.obj)
                0x000000000000cc24                _isr_wrapper
 .text._HandlerModeExit
                0x000000000000cc64       0x1c zephyr/arch/arch/arm/core/aarch32/cortex_m/libarch__arm__core__aarch32__cortex_m.a(exc_exit.S.obj)
                0x000000000000cc64                z_arm_int_exit
                0x000000000000cc64                z_arm_exc_exit
 .text.mem_manage_fault.constprop.0
                0x000000000000cc80      0x174 zephyr/arch/arch/arm/core/aarch32/cortex_m/libarch__arm__core__aarch32__cortex_m.a(fault.c.obj)
 .text.bus_fault.constprop.0
                0x000000000000cdf4      0x174 zephyr/arch/arch/arm/core/aarch32/cortex_m/libarch__arm__core__aarch32__cortex_m.a(fault.c.obj)
 .text.usage_fault.constprop.0
                0x000000000000cf68      0x170 zephyr/arch/arch/arm/core/aarch32/cortex_m/libarch__arm__core__aarch32__cortex_m.a(fault.c.obj)
 .text.z_arm_fault
                0x000000000000d0d8      0x270 zephyr/arch/arch/arm/core/aarch32/cortex_m/libarch__arm__core__aarch32__cortex_m.a(fault.c.obj)
                0x000000000000d0d8                z_arm_fault
 .text.z_arm_fault_init
                0x000000000000d348       0x18 zephyr/arch/arch/arm/core/aarch32/cortex_m/libarch__arm__core__aarch32__cortex_m.a(fault.c.obj)
                0x000000000000d348                z_arm_fault_init
 .text.__fault  0x000000000000d360       0x14 zephyr/arch/arch/arm/core/aarch32/cortex_m/libarch__arm__core__aarch32__cortex_m.a(fault_s.S.obj)
                0x000000000000d360                z_arm_usage_fault
                0x000000000000d360                z_arm_mpu_fault
                0x000000000000d360                z_arm_exc_spurious
                0x000000000000d360                z_arm_debug_monitor
                0x000000000000d360                z_arm_hard_fault
                0x000000000000d360                z_arm_bus_fault
 .text.z_arm_interrupt_init
                0x000000000000d374       0x18 zephyr/arch/arch/arm/core/aarch32/cortex_m/libarch__arm__core__aarch32__cortex_m.a(irq_init.c.obj)
                0x000000000000d374                z_arm_interrupt_init
 .text._reset_section
                0x000000000000d38c       0x60 zephyr/arch/arch/arm/core/aarch32/cortex_m/libarch__arm__core__aarch32__cortex_m.a(reset.S.obj)
                0x000000000000d38c                __start
                0x000000000000d38c                z_arm_reset
 .text.sys_arch_reboot
                0x000000000000d3ec       0x24 zephyr/arch/arch/arm/core/aarch32/cortex_m/libarch__arm__core__aarch32__cortex_m.a(scb.c.obj)
                0x000000000000d3ec                sys_arch_reboot
 .text.z_arm_clear_arm_mpu_config
                0x000000000000d410       0x24 zephyr/arch/arch/arm/core/aarch32/cortex_m/libarch__arm__core__aarch32__cortex_m.a(scb.c.obj)
                0x000000000000d410                z_arm_clear_arm_mpu_config
 .text.z_arm_init_arch_hw_at_boot
                0x000000000000d434       0x4c zephyr/arch/arch/arm/core/aarch32/cortex_m/libarch__arm__core__aarch32__cortex_m.a(scb.c.obj)
                0x000000000000d434                z_arm_init_arch_hw_at_boot
 .text.z_impl_k_thread_abort
                0x000000000000d480       0x2c zephyr/arch/arch/arm/core/aarch32/cortex_m/libarch__arm__core__aarch32__cortex_m.a(thread_abort.c.obj)
                0x000000000000d480                z_impl_k_thread_abort
 .text.z_arm_configure_static_mpu_regions
                0x000000000000d4ac       0x38 zephyr/arch/arch/arm/core/aarch32/mpu/libarch__arm__core__aarch32__mpu.a(arm_core_mpu.c.obj)
                0x000000000000d4ac                z_arm_configure_static_mpu_regions
 .text.region_init
                0x000000000000d4e4       0x34 zephyr/arch/arch/arm/core/aarch32/mpu/libarch__arm__core__aarch32__mpu.a(arm_mpu.c.obj)
 .text.region_allocate_and_init.part.0
                0x000000000000d518       0x38 zephyr/arch/arch/arm/core/aarch32/mpu/libarch__arm__core__aarch32__mpu.a(arm_mpu.c.obj)
 .text.mpu_configure_regions_and_partition.constprop.0
                0x000000000000d550      0x1a8 zephyr/arch/arch/arm/core/aarch32/mpu/libarch__arm__core__aarch32__mpu.a(arm_mpu.c.obj)
 .text.arm_core_mpu_enable
                0x000000000000d6f8       0x18 zephyr/arch/arch/arm/core/aarch32/mpu/libarch__arm__core__aarch32__mpu.a(arm_mpu.c.obj)
                0x000000000000d6f8                arm_core_mpu_enable
 .text.arm_core_mpu_disable
                0x000000000000d710       0x14 zephyr/arch/arch/arm/core/aarch32/mpu/libarch__arm__core__aarch32__mpu.a(arm_mpu.c.obj)
                0x000000000000d710                arm_core_mpu_disable
 .text.arm_core_mpu_configure_static_mpu_regions
                0x000000000000d724       0x14 zephyr/arch/arch/arm/core/aarch32/mpu/libarch__arm__core__aarch32__mpu.a(arm_mpu.c.obj)
                0x000000000000d724                arm_core_mpu_configure_static_mpu_regions
 .text.arm_core_mpu_mark_areas_for_dynamic_regions
                0x000000000000d738       0xb8 zephyr/arch/arch/arm/core/aarch32/mpu/libarch__arm__core__aarch32__mpu.a(arm_mpu.c.obj)
                0x000000000000d738                arm_core_mpu_mark_areas_for_dynamic_regions
 .text.z_arm_mpu_init
                0x000000000000d7f0       0x4c zephyr/arch/arch/arm/core/aarch32/mpu/libarch__arm__core__aarch32__mpu.a(arm_mpu.c.obj)
                0x000000000000d7f0                z_arm_mpu_init
 .text.__stdout_hook_install
                0x000000000000d83c        0xc zephyr/lib/libc/minimal/liblib__libc__minimal.a(stdout_console.c.obj)
                0x000000000000d83c                __stdout_hook_install
 .text.z_impl_zephyr_fputc
                0x000000000000d848       0x18 zephyr/lib/libc/minimal/liblib__libc__minimal.a(stdout_console.c.obj)
                0x000000000000d848                z_impl_zephyr_fputc
 .text.printf   0x000000000000d860       0x28 zephyr/lib/libc/minimal/liblib__libc__minimal.a(fprintf.c.obj)
                0x000000000000d860                printf
 .text.remoteproc_mgr_boot
                0x000000000000d888       0x10 zephyr/boards/boards/arm/ubx_evknorab10_nrf5340_cpuapp_ns/libboards__arm__ubx_evknorab10_nrf5340_ncs220.a(ubx_evknorab10_cpunet_reset.c.obj)
 .text.bt_hex   0x000000000000d898       0x44 zephyr/subsys/bluetooth/common/libsubsys__bluetooth__common.a(bt_str.c.obj)
                0x000000000000d898                bt_hex
 .text.bt_addr_le_str
                0x000000000000d8dc       0x7c zephyr/subsys/bluetooth/common/libsubsys__bluetooth__common.a(bt_str.c.obj)
                0x000000000000d8dc                bt_addr_le_str
 .text.long_wq_init
                0x000000000000d958       0x38 zephyr/subsys/bluetooth/host/libsubsys__bluetooth__host.a(long_wq.c.obj)
 .text.bt_long_wq_schedule
                0x000000000000d990        0xc zephyr/subsys/bluetooth/host/libsubsys__bluetooth__host.a(long_wq.c.obj)
                0x000000000000d990                bt_long_wq_schedule
 .text.uuid_to_uuid128
                0x000000000000d99c       0x6c zephyr/subsys/bluetooth/host/libsubsys__bluetooth__host.a(uuid.c.obj)
 .text.bt_buf_get_rx
                0x000000000000da08       0x2c zephyr/subsys/bluetooth/host/libsubsys__bluetooth__host.a(buf.c.obj)
                0x000000000000da08                bt_buf_get_rx
 .text.bt_buf_get_cmd_complete
                0x000000000000da34       0x34 zephyr/subsys/bluetooth/host/libsubsys__bluetooth__host.a(buf.c.obj)
                0x000000000000da34                bt_buf_get_cmd_complete
 .text.bt_buf_get_evt
                0x000000000000da68       0x58 zephyr/subsys/bluetooth/host/libsubsys__bluetooth__host.a(buf.c.obj)
                0x000000000000da68                bt_buf_get_evt
 .text.ver_str  0x000000000000dac0       0x38 zephyr/subsys/bluetooth/host/libsubsys__bluetooth__host.a(hci_core.c.obj)
 .text.hci_disconn_complete_prio
                0x000000000000daf8       0x3c zephyr/subsys/bluetooth/host/libsubsys__bluetooth__host.a(hci_core.c.obj)
 .text.find_pending_connect.part.0
                0x000000000000db34       0x2c zephyr/subsys/bluetooth/host/libsubsys__bluetooth__host.a(hci_core.c.obj)
 .text.hci_data_buf_overflow
                0x000000000000db60       0x38 zephyr/subsys/bluetooth/host/libsubsys__bluetooth__host.a(hci_core.c.obj)
 .text.le_conn_param_neg_reply.part.0
                0x000000000000db98       0x30 zephyr/subsys/bluetooth/host/libsubsys__bluetooth__host.a(hci_core.c.obj)
 .text.le_conn_update_complete
                0x000000000000dbc8       0xa0 zephyr/subsys/bluetooth/host/libsubsys__bluetooth__host.a(hci_core.c.obj)
 .text.rx_queue_put
                0x000000000000dc68       0x58 zephyr/subsys/bluetooth/host/libsubsys__bluetooth__host.a(hci_core.c.obj)
 .text.handle_event.part.0
                0x000000000000dcc0       0x50 zephyr/subsys/bluetooth/host/libsubsys__bluetooth__host.a(hci_core.c.obj)
 .text.hci_hardware_error
                0x000000000000dd10       0x3c zephyr/subsys/bluetooth/host/libsubsys__bluetooth__host.a(hci_core.c.obj)
 .text.le_data_len_change
                0x000000000000dd4c       0x48 zephyr/subsys/bluetooth/host/libsubsys__bluetooth__host.a(hci_core.c.obj)
 .text.le_phy_update_complete
                0x000000000000dd94       0x4c zephyr/subsys/bluetooth/host/libsubsys__bluetooth__host.a(hci_core.c.obj)
 .text.hci_disconn_complete
                0x000000000000dde0       0x60 zephyr/subsys/bluetooth/host/libsubsys__bluetooth__host.a(hci_core.c.obj)
 .text.handle_event
                0x000000000000de40       0x68 zephyr/subsys/bluetooth/host/libsubsys__bluetooth__host.a(hci_core.c.obj)
 .text.rx_work_handler
                0x000000000000dea8      0x1a8 zephyr/subsys/bluetooth/host/libsubsys__bluetooth__host.a(hci_core.c.obj)
 .text.hci_le_meta_event
                0x000000000000e050       0x20 zephyr/subsys/bluetooth/host/libsubsys__bluetooth__host.a(hci_core.c.obj)
 .text.le_remote_feat_complete
                0x000000000000e070       0x68 zephyr/subsys/bluetooth/host/libsubsys__bluetooth__host.a(hci_core.c.obj)
 .text.hci_cmd_done
                0x000000000000e0d8      0x13c zephyr/subsys/bluetooth/host/libsubsys__bluetooth__host.a(hci_core.c.obj)
 .text.hci_cmd_status
                0x000000000000e214       0x2c zephyr/subsys/bluetooth/host/libsubsys__bluetooth__host.a(hci_core.c.obj)
 .text.hci_cmd_complete
                0x000000000000e240       0x30 zephyr/subsys/bluetooth/host/libsubsys__bluetooth__host.a(hci_core.c.obj)
 .text.hci_num_completed_packets
                0x000000000000e270      0x128 zephyr/subsys/bluetooth/host/libsubsys__bluetooth__host.a(hci_core.c.obj)
 .text.bt_hci_cmd_state_set_init
                0x000000000000e398       0x24 zephyr/subsys/bluetooth/host/libsubsys__bluetooth__host.a(hci_core.c.obj)
                0x000000000000e398                bt_hci_cmd_state_set_init
 .text.bt_hci_cmd_create
                0x000000000000e3bc       0x74 zephyr/subsys/bluetooth/host/libsubsys__bluetooth__host.a(hci_core.c.obj)
                0x000000000000e3bc                bt_hci_cmd_create
 .text.bt_hci_cmd_send_sync
                0x000000000000e430      0x100 zephyr/subsys/bluetooth/host/libsubsys__bluetooth__host.a(hci_core.c.obj)
                0x000000000000e430                bt_hci_cmd_send_sync
 .text.hci_le_read_max_data_len
                0x000000000000e530       0x64 zephyr/subsys/bluetooth/host/libsubsys__bluetooth__host.a(hci_core.c.obj)
 .text.bt_hci_le_rand
                0x000000000000e594       0x58 zephyr/subsys/bluetooth/host/libsubsys__bluetooth__host.a(hci_core.c.obj)
                0x000000000000e594                bt_hci_le_rand
 .text.bt_hci_le_enh_conn_complete
                0x000000000000e5ec      0x314 zephyr/subsys/bluetooth/host/libsubsys__bluetooth__host.a(hci_core.c.obj)
                0x000000000000e5ec                bt_hci_le_enh_conn_complete
 .text.le_legacy_conn_complete
                0x000000000000e900       0x68 zephyr/subsys/bluetooth/host/libsubsys__bluetooth__host.a(hci_core.c.obj)
 .text.bt_security_err_get
                0x000000000000e968       0x10 zephyr/subsys/bluetooth/host/libsubsys__bluetooth__host.a(hci_core.c.obj)
                0x000000000000e968                bt_security_err_get
 .text.hci_encrypt_key_refresh_complete
                0x000000000000e978       0xb4 zephyr/subsys/bluetooth/host/libsubsys__bluetooth__host.a(hci_core.c.obj)
 .text.hci_encrypt_change
                0x000000000000ea2c       0xcc zephyr/subsys/bluetooth/host/libsubsys__bluetooth__host.a(hci_core.c.obj)
 .text.bt_send  0x000000000000eaf8       0x10 zephyr/subsys/bluetooth/host/libsubsys__bluetooth__host.a(hci_core.c.obj)
                0x000000000000eaf8                bt_send
 .text.bt_hci_cmd_send
                0x000000000000eb08       0x74 zephyr/subsys/bluetooth/host/libsubsys__bluetooth__host.a(hci_core.c.obj)
                0x000000000000eb08                bt_hci_cmd_send
 .text.bt_hci_host_num_completed_packets
                0x000000000000eb7c       0xf4 zephyr/subsys/bluetooth/host/libsubsys__bluetooth__host.a(hci_core.c.obj)
                0x000000000000eb7c                bt_hci_host_num_completed_packets
 .text.le_ltk_request
                0x000000000000ec70       0xf4 zephyr/subsys/bluetooth/host/libsubsys__bluetooth__host.a(hci_core.c.obj)
 .text.le_conn_param_req
                0x000000000000ed64       0xdc zephyr/subsys/bluetooth/host/libsubsys__bluetooth__host.a(hci_core.c.obj)
 .text.hci_tx_thread
                0x000000000000ee40      0x1b0 zephyr/subsys/bluetooth/host/libsubsys__bluetooth__host.a(hci_core.c.obj)
 .text.hci_event_prio
                0x000000000000eff0       0xa4 zephyr/subsys/bluetooth/host/libsubsys__bluetooth__host.a(hci_core.c.obj)
                0x000000000000eff0                hci_event_prio
 .text.bt_recv  0x000000000000f094       0x70 zephyr/subsys/bluetooth/host/libsubsys__bluetooth__host.a(hci_core.c.obj)
                0x000000000000f094                bt_recv
 .text.bt_hci_driver_register
                0x000000000000f104       0x28 zephyr/subsys/bluetooth/host/libsubsys__bluetooth__host.a(hci_core.c.obj)
                0x000000000000f104                bt_hci_driver_register
 .text.bt_finalize_init
                0x000000000000f12c      0x164 zephyr/subsys/bluetooth/host/libsubsys__bluetooth__host.a(hci_core.c.obj)
                0x000000000000f12c                bt_finalize_init
 .text.init_work
                0x000000000000f290       0x18 zephyr/subsys/bluetooth/host/libsubsys__bluetooth__host.a(hci_core.c.obj)
 .text.bt_enable
                0x000000000000f2a8      0x134 zephyr/subsys/bluetooth/host/libsubsys__bluetooth__host.a(hci_core.c.obj)
                0x000000000000f2a8                bt_enable
 .text.bt_is_ready
                0x000000000000f3dc       0x10 zephyr/subsys/bluetooth/host/libsubsys__bluetooth__host.a(hci_core.c.obj)
                0x000000000000f3dc                bt_is_ready
 .text.bt_get_name
                0x000000000000f3ec        0x8 zephyr/subsys/bluetooth/host/libsubsys__bluetooth__host.a(hci_core.c.obj)
                0x000000000000f3ec                bt_get_name
 .text.id_find  0x000000000000f3f4       0x30 zephyr/subsys/bluetooth/host/libsubsys__bluetooth__host.a(id.c.obj)
 .text.id_create.constprop.0
                0x000000000000f424       0x5c zephyr/subsys/bluetooth/host/libsubsys__bluetooth__host.a(id.c.obj)
 .text.bt_id_add.part.0
                0x000000000000f480      0x1c0 zephyr/subsys/bluetooth/host/libsubsys__bluetooth__host.a(id.c.obj)
 .text.set_random_address
                0x000000000000f640       0x58 zephyr/subsys/bluetooth/host/libsubsys__bluetooth__host.a(id.c.obj)
 .text.bt_id_del.part.0
                0x000000000000f698      0x130 zephyr/subsys/bluetooth/host/libsubsys__bluetooth__host.a(id.c.obj)
 .text.bt_id_pending_keys_update
                0x000000000000f7c8       0x2c zephyr/subsys/bluetooth/host/libsubsys__bluetooth__host.a(id.c.obj)
                0x000000000000f7c8                bt_id_pending_keys_update
 .text.bt_id_find_conflict
                0x000000000000f7f4       0x20 zephyr/subsys/bluetooth/host/libsubsys__bluetooth__host.a(id.c.obj)
                0x000000000000f7f4                bt_id_find_conflict
 .text.bt_id_add
                0x000000000000f814       0x34 zephyr/subsys/bluetooth/host/libsubsys__bluetooth__host.a(id.c.obj)
                0x000000000000f814                bt_id_add
 .text.bt_id_del
                0x000000000000f848       0x38 zephyr/subsys/bluetooth/host/libsubsys__bluetooth__host.a(id.c.obj)
                0x000000000000f848                bt_id_del
 .text.bt_id_create
                0x000000000000f880       0xb8 zephyr/subsys/bluetooth/host/libsubsys__bluetooth__host.a(id.c.obj)
                0x000000000000f880                bt_id_create
 .text.bt_id_read_public_addr
                0x000000000000f938       0xa4 zephyr/subsys/bluetooth/host/libsubsys__bluetooth__host.a(id.c.obj)
                0x000000000000f938                bt_id_read_public_addr
 .text.bt_setup_public_id_addr
                0x000000000000f9dc       0x20 zephyr/subsys/bluetooth/host/libsubsys__bluetooth__host.a(id.c.obj)
                0x000000000000f9dc                bt_setup_public_id_addr
 .text.bt_read_static_addr
                0x000000000000f9fc       0xc8 zephyr/subsys/bluetooth/host/libsubsys__bluetooth__host.a(id.c.obj)
                0x000000000000f9fc                bt_read_static_addr
 .text.bt_setup_random_id_addr
                0x000000000000fac4       0x5c zephyr/subsys/bluetooth/host/libsubsys__bluetooth__host.a(id.c.obj)
                0x000000000000fac4                bt_setup_random_id_addr
 .text.bt_id_set_adv_own_addr
                0x000000000000fb20       0xb4 zephyr/subsys/bluetooth/host/libsubsys__bluetooth__host.a(id.c.obj)
                0x000000000000fb20                bt_id_set_adv_own_addr
 .text.bt_id_init
                0x000000000000fbd4       0x78 zephyr/subsys/bluetooth/host/libsubsys__bluetooth__host.a(id.c.obj)
                0x000000000000fbd4                bt_id_init
 .text.hci_set_ad
                0x000000000000fc4c       0xfc zephyr/subsys/bluetooth/host/libsubsys__bluetooth__host.a(adv.c.obj)
 .text.le_adv_start_add_conn
                0x000000000000fd48       0x6c zephyr/subsys/bluetooth/host/libsubsys__bluetooth__host.a(adv.c.obj)
 .text.valid_adv_param
                0x000000000000fdb4       0x84 zephyr/subsys/bluetooth/host/libsubsys__bluetooth__host.a(adv.c.obj)
 .text.bt_le_ext_adv_foreach
                0x000000000000fe38        0xc zephyr/subsys/bluetooth/host/libsubsys__bluetooth__host.a(adv.c.obj)
                0x000000000000fe38                bt_le_ext_adv_foreach
 .text.bt_le_adv_lookup_legacy
                0x000000000000fe44        0x8 zephyr/subsys/bluetooth/host/libsubsys__bluetooth__host.a(adv.c.obj)
                0x000000000000fe44                bt_le_adv_lookup_legacy
 .text.bt_le_adv_start_legacy
                0x000000000000fe4c      0x288 zephyr/subsys/bluetooth/host/libsubsys__bluetooth__host.a(adv.c.obj)
                0x000000000000fe4c                bt_le_adv_start_legacy
 .text.bt_le_adv_start
                0x00000000000100d4       0x64 zephyr/subsys/bluetooth/host/libsubsys__bluetooth__host.a(adv.c.obj)
                0x00000000000100d4                bt_le_adv_start
 .text.bt_le_adv_stop
                0x0000000000010138       0x84 zephyr/subsys/bluetooth/host/libsubsys__bluetooth__host.a(adv.c.obj)
                0x0000000000010138                bt_le_adv_stop
 .text.adv_timeout
                0x00000000000101bc       0x38 zephyr/subsys/bluetooth/host/libsubsys__bluetooth__host.a(adv.c.obj)
 .text.bt_le_adv_resume
                0x00000000000101f4       0x80 zephyr/subsys/bluetooth/host/libsubsys__bluetooth__host.a(adv.c.obj)
                0x00000000000101f4                bt_le_adv_resume
 .text.prng_reseed.constprop.0
                0x0000000000010274       0x84 zephyr/subsys/bluetooth/host/libsubsys__bluetooth__host.a(crypto.c.obj)
 .text.prng_init
                0x00000000000102f8       0x64 zephyr/subsys/bluetooth/host/libsubsys__bluetooth__host.a(crypto.c.obj)
                0x00000000000102f8                prng_init
 .text.bt_rand  0x000000000001035c       0x3c zephyr/subsys/bluetooth/host/libsubsys__bluetooth__host.a(crypto.c.obj)
                0x000000000001035c                bt_rand
 .text.bt_pub_key_is_debug
                0x0000000000010398       0x18 zephyr/subsys/bluetooth/host/libsubsys__bluetooth__host.a(ecc.c.obj)
                0x0000000000010398                bt_pub_key_is_debug
 .text.bt_pub_key_gen
                0x00000000000103b0      0x140 zephyr/subsys/bluetooth/host/libsubsys__bluetooth__host.a(ecc.c.obj)
                0x00000000000103b0                bt_pub_key_gen
 .text.bt_pub_key_get
                0x00000000000104f0       0x1c zephyr/subsys/bluetooth/host/libsubsys__bluetooth__host.a(ecc.c.obj)
                0x00000000000104f0                bt_pub_key_get
 .text.bt_dh_key_gen
                0x000000000001050c       0xb4 zephyr/subsys/bluetooth/host/libsubsys__bluetooth__host.a(ecc.c.obj)
                0x000000000001050c                bt_dh_key_gen
 .text.bt_hci_evt_le_pkey_complete
                0x00000000000105c0       0x6c zephyr/subsys/bluetooth/host/libsubsys__bluetooth__host.a(ecc.c.obj)
                0x00000000000105c0                bt_hci_evt_le_pkey_complete
 .text.bt_hci_evt_le_dhkey_complete
                0x000000000001062c       0x1c zephyr/subsys/bluetooth/host/libsubsys__bluetooth__host.a(ecc.c.obj)
                0x000000000001062c                bt_hci_evt_le_dhkey_complete
 .text.notify_connected
                0x0000000000010648       0x3c zephyr/subsys/bluetooth/host/libsubsys__bluetooth__host.a(conn.c.obj)
 .text.bt_conn_create_pdu_timeout.part.0
                0x0000000000010684       0x34 zephyr/subsys/bluetooth/host/libsubsys__bluetooth__host.a(conn.c.obj)
 .text.tx_notify
                0x00000000000106b8       0x60 zephyr/subsys/bluetooth/host/libsubsys__bluetooth__host.a(conn.c.obj)
 .text.conn_tx_destroy
                0x0000000000010718       0x2c zephyr/subsys/bluetooth/host/libsubsys__bluetooth__host.a(conn.c.obj)
 .text.send_frag
                0x0000000000010744      0x144 zephyr/subsys/bluetooth/host/libsubsys__bluetooth__host.a(conn.c.obj)
 .text.bt_conn_get_pkts
                0x0000000000010888        0x8 zephyr/subsys/bluetooth/host/libsubsys__bluetooth__host.a(conn.c.obj)
                0x0000000000010888                bt_conn_get_pkts
 .text.bt_conn_new
                0x0000000000010890       0x5c zephyr/subsys/bluetooth/host/libsubsys__bluetooth__host.a(conn.c.obj)
                0x0000000000010890                bt_conn_new
 .text.bt_conn_recv
                0x00000000000108ec      0x160 zephyr/subsys/bluetooth/host/libsubsys__bluetooth__host.a(conn.c.obj)
                0x00000000000108ec                bt_conn_recv
 .text.bt_conn_send_cb
                0x0000000000010a4c       0xfc zephyr/subsys/bluetooth/host/libsubsys__bluetooth__host.a(conn.c.obj)
                0x0000000000010a4c                bt_conn_send_cb
 .text.bt_conn_prepare_events
                0x0000000000010b48       0x70 zephyr/subsys/bluetooth/host/libsubsys__bluetooth__host.a(conn.c.obj)
                0x0000000000010b48                bt_conn_prepare_events
 .text.bt_conn_lookup_handle
                0x0000000000010bb8       0x10 zephyr/subsys/bluetooth/host/libsubsys__bluetooth__host.a(conn.c.obj)
                0x0000000000010bb8                bt_conn_lookup_handle
 .text.bt_conn_set_state
                0x0000000000010bc8      0x1ec zephyr/subsys/bluetooth/host/libsubsys__bluetooth__host.a(conn.c.obj)
                0x0000000000010bc8                bt_conn_set_state
 .text.bt_conn_index
                0x0000000000010db4       0x18 zephyr/subsys/bluetooth/host/libsubsys__bluetooth__host.a(conn.c.obj)
                0x0000000000010db4                bt_conn_index
 .text.bt_conn_create_pdu_timeout
                0x0000000000010dcc       0x2c zephyr/subsys/bluetooth/host/libsubsys__bluetooth__host.a(conn.c.obj)
                0x0000000000010dcc                bt_conn_create_pdu_timeout
 .text.notify_le_param_updated
                0x0000000000010df8       0x80 zephyr/subsys/bluetooth/host/libsubsys__bluetooth__host.a(conn.c.obj)
                0x0000000000010df8                notify_le_param_updated
 .text.le_param_req
                0x0000000000010e78       0x74 zephyr/subsys/bluetooth/host/libsubsys__bluetooth__host.a(conn.c.obj)
                0x0000000000010e78                le_param_req
 .text.bt_conn_identity_resolved
                0x0000000000010eec       0x5c zephyr/subsys/bluetooth/host/libsubsys__bluetooth__host.a(conn.c.obj)
                0x0000000000010eec                bt_conn_identity_resolved
 .text.bt_conn_security_changed
                0x0000000000010f48       0x4c zephyr/subsys/bluetooth/host/libsubsys__bluetooth__host.a(conn.c.obj)
                0x0000000000010f48                bt_conn_security_changed
 .text.bt_conn_add_le
                0x0000000000010f94       0x38 zephyr/subsys/bluetooth/host/libsubsys__bluetooth__host.a(conn.c.obj)
                0x0000000000010f94                bt_conn_add_le
 .text.bt_conn_lookup_addr_le
                0x0000000000010fcc       0x34 zephyr/subsys/bluetooth/host/libsubsys__bluetooth__host.a(conn.c.obj)
                0x0000000000010fcc                bt_conn_lookup_addr_le
 .text.bt_conn_exists_le
                0x0000000000011000       0x68 zephyr/subsys/bluetooth/host/libsubsys__bluetooth__host.a(conn.c.obj)
                0x0000000000011000                bt_conn_exists_le
 .text.bt_conn_lookup_state_le
                0x0000000000011068       0x44 zephyr/subsys/bluetooth/host/libsubsys__bluetooth__host.a(conn.c.obj)
                0x0000000000011068                bt_conn_lookup_state_le
 .text.send_conn_le_param_update
                0x00000000000110ac       0x68 zephyr/subsys/bluetooth/host/libsubsys__bluetooth__host.a(conn.c.obj)
 .text.deferred_work
                0x0000000000011114       0xa8 zephyr/subsys/bluetooth/host/libsubsys__bluetooth__host.a(conn.c.obj)
 .text.bt_conn_create_frag_timeout
                0x00000000000111bc        0xc zephyr/subsys/bluetooth/host/libsubsys__bluetooth__host.a(conn.c.obj)
                0x00000000000111bc                bt_conn_create_frag_timeout
 .text.create_frag
                0x00000000000111c8       0x6c zephyr/subsys/bluetooth/host/libsubsys__bluetooth__host.a(conn.c.obj)
 .text.bt_conn_process_tx
                0x0000000000011234       0xd0 zephyr/subsys/bluetooth/host/libsubsys__bluetooth__host.a(conn.c.obj)
                0x0000000000011234                bt_conn_process_tx
 .text.bt_conn_auth_cb_register
                0x0000000000011304       0x34 zephyr/subsys/bluetooth/host/libsubsys__bluetooth__host.a(conn.c.obj)
                0x0000000000011304                bt_conn_auth_cb_register
 .text.bt_conn_lookup_index
                0x0000000000011338       0x10 zephyr/subsys/bluetooth/host/libsubsys__bluetooth__host.a(conn.c.obj)
                0x0000000000011338                bt_conn_lookup_index
 .text.bt_conn_init
                0x0000000000011348       0x44 zephyr/subsys/bluetooth/host/libsubsys__bluetooth__host.a(conn.c.obj)
                0x0000000000011348                bt_conn_init
 .text.l2cap_create_le_sig_pdu.part.0
                0x000000000001138c       0x34 zephyr/subsys/bluetooth/host/libsubsys__bluetooth__host.a(l2cap.c.obj)
 .text.l2cap_accept.part.0
                0x00000000000113c0       0x38 zephyr/subsys/bluetooth/host/libsubsys__bluetooth__host.a(l2cap.c.obj)
 .text.l2cap_accept
                0x00000000000113f8       0x1c zephyr/subsys/bluetooth/host/libsubsys__bluetooth__host.a(l2cap.c.obj)
 .text.bt_l2cap_connected
                0x0000000000011414       0x8c zephyr/subsys/bluetooth/host/libsubsys__bluetooth__host.a(l2cap.c.obj)
                0x0000000000011414                bt_l2cap_connected
 .text.l2cap_recv
                0x00000000000114a0      0x110 zephyr/subsys/bluetooth/host/libsubsys__bluetooth__host.a(l2cap.c.obj)
 .text.bt_l2cap_recv
                0x00000000000115b0       0x84 zephyr/subsys/bluetooth/host/libsubsys__bluetooth__host.a(l2cap.c.obj)
                0x00000000000115b0                bt_l2cap_recv
 .text.bt_l2cap_update_conn_param
                0x0000000000011634       0x64 zephyr/subsys/bluetooth/host/libsubsys__bluetooth__host.a(l2cap.c.obj)
                0x0000000000011634                bt_l2cap_update_conn_param
 .text.att_op_get_type
                0x0000000000011698       0x74 zephyr/subsys/bluetooth/host/libsubsys__bluetooth__host.a(att.c.obj)
 .text.bt_att_released
                0x000000000001170c       0x18 zephyr/subsys/bluetooth/host/libsubsys__bluetooth__host.a(att.c.obj)
 .text.tx_meta_data_free
                0x0000000000011724       0x1c zephyr/subsys/bluetooth/host/libsubsys__bluetooth__host.a(att.c.obj)
 .text.find_type_cb
                0x0000000000011740      0x18c zephyr/subsys/bluetooth/host/libsubsys__bluetooth__host.a(att.c.obj)
 .text.chan_send
                0x00000000000118cc       0xd0 zephyr/subsys/bluetooth/host/libsubsys__bluetooth__host.a(att.c.obj)
 .text.att_get  0x000000000001199c       0x68 zephyr/subsys/bluetooth/host/libsubsys__bluetooth__host.a(att.c.obj)
 .text.bt_att_connected
                0x0000000000011a04       0x3c zephyr/subsys/bluetooth/host/libsubsys__bluetooth__host.a(att.c.obj)
 .text.read_group_cb
                0x0000000000011a40       0xac zephyr/subsys/bluetooth/host/libsubsys__bluetooth__host.a(att.c.obj)
 .text.read_type_cb
                0x0000000000011aec       0xa0 zephyr/subsys/bluetooth/host/libsubsys__bluetooth__host.a(att.c.obj)
 .text.bt_att_accept
                0x0000000000011b8c      0x120 zephyr/subsys/bluetooth/host/libsubsys__bluetooth__host.a(att.c.obj)
 .text.bt_att_chan_create_pdu
                0x0000000000011cac       0xe8 zephyr/subsys/bluetooth/host/libsubsys__bluetooth__host.a(att.c.obj)
                0x0000000000011cac                bt_att_chan_create_pdu
 .text.bt_att_recv
                0x0000000000011d94      0x180 zephyr/subsys/bluetooth/host/libsubsys__bluetooth__host.a(att.c.obj)
 .text.att_write_rsp.constprop.0
                0x0000000000011f14       0xc8 zephyr/subsys/bluetooth/host/libsubsys__bluetooth__host.a(att.c.obj)
 .text.bt_att_create_pdu
                0x0000000000011fdc       0x7c zephyr/subsys/bluetooth/host/libsubsys__bluetooth__host.a(att.c.obj)
                0x0000000000011fdc                bt_att_create_pdu
 .text.att_read_group_req
                0x0000000000012058       0xfc zephyr/subsys/bluetooth/host/libsubsys__bluetooth__host.a(att.c.obj)
 .text.att_read_mult_vl_req
                0x0000000000012154       0xa8 zephyr/subsys/bluetooth/host/libsubsys__bluetooth__host.a(att.c.obj)
 .text.att_read_mult_req
                0x00000000000121fc       0xa8 zephyr/subsys/bluetooth/host/libsubsys__bluetooth__host.a(att.c.obj)
 .text.att_read_rsp
                0x00000000000122a4       0xa0 zephyr/subsys/bluetooth/host/libsubsys__bluetooth__host.a(att.c.obj)
 .text.att_read_type_req
                0x0000000000012344       0xc4 zephyr/subsys/bluetooth/host/libsubsys__bluetooth__host.a(att.c.obj)
 .text.att_find_type_req
                0x0000000000012408       0xd0 zephyr/subsys/bluetooth/host/libsubsys__bluetooth__host.a(att.c.obj)
 .text.att_find_info_req
                0x00000000000124d8       0x78 zephyr/subsys/bluetooth/host/libsubsys__bluetooth__host.a(att.c.obj)
 .text.bt_att_init
                0x0000000000012550       0x38 zephyr/subsys/bluetooth/host/libsubsys__bluetooth__host.a(att.c.obj)
                0x0000000000012550                bt_att_init
 .text.bt_att_req_alloc
                0x0000000000012588       0x44 zephyr/subsys/bluetooth/host/libsubsys__bluetooth__host.a(att.c.obj)
                0x0000000000012588                bt_att_req_alloc
 .text.bt_att_req_free
                0x00000000000125cc       0x30 zephyr/subsys/bluetooth/host/libsubsys__bluetooth__host.a(att.c.obj)
                0x00000000000125cc                bt_att_req_free
 .text.att_handle_rsp
                0x00000000000125fc       0xa4 zephyr/subsys/bluetooth/host/libsubsys__bluetooth__host.a(att.c.obj)
 .text.bt_att_disconnected
                0x00000000000126a0       0xc8 zephyr/subsys/bluetooth/host/libsubsys__bluetooth__host.a(att.c.obj)
 .text.att_timeout
                0x0000000000012768       0x40 zephyr/subsys/bluetooth/host/libsubsys__bluetooth__host.a(att.c.obj)
 .text.find_cf_cfg
                0x00000000000127a8       0x5c zephyr/subsys/bluetooth/host/libsubsys__bluetooth__host.a(gatt.c.obj)
 .text.find_sc_cfg
                0x0000000000012804       0x44 zephyr/subsys/bluetooth/host/libsubsys__bluetooth__host.a(gatt.c.obj)
 .text.find_ccc_cfg
                0x0000000000012848       0x48 zephyr/subsys/bluetooth/host/libsubsys__bluetooth__host.a(gatt.c.obj)
 .text.bt_gatt_attr_write_ccc
                0x0000000000012890       0xd8 zephyr/subsys/bluetooth/host/libsubsys__bluetooth__host.a(gatt.c.obj)
                0x0000000000012890                bt_gatt_attr_write_ccc
 .text.clear_cf_cfg
                0x0000000000012968       0x30 zephyr/subsys/bluetooth/host/libsubsys__bluetooth__host.a(gatt.c.obj)
 .text.sc_save  0x0000000000012998       0x7c zephyr/subsys/bluetooth/host/libsubsys__bluetooth__host.a(gatt.c.obj)
 .text.cf_write
                0x0000000000012a14       0xbc zephyr/subsys/bluetooth/host/libsubsys__bluetooth__host.a(gatt.c.obj)
 .text.disconnected_cb
                0x0000000000012ad0       0xb4 zephyr/subsys/bluetooth/host/libsubsys__bluetooth__host.a(gatt.c.obj)
 .text.read_ppcp
                0x0000000000012b84       0x38 zephyr/subsys/bluetooth/host/libsubsys__bluetooth__host.a(gatt.c.obj)
 .text.sc_indicate_rsp
                0x0000000000012bbc       0x50 zephyr/subsys/bluetooth/host/libsubsys__bluetooth__host.a(gatt.c.obj)
 .text.bt_gatt_init
                0x0000000000012c0c       0x9c zephyr/subsys/bluetooth/host/libsubsys__bluetooth__host.a(gatt.c.obj)
                0x0000000000012c0c                bt_gatt_init
 .text.bt_gatt_attr_get_handle
                0x0000000000012ca8       0x60 zephyr/subsys/bluetooth/host/libsubsys__bluetooth__host.a(gatt.c.obj)
                0x0000000000012ca8                bt_gatt_attr_get_handle
 .text.bt_gatt_foreach_attr_type
                0x0000000000012d08       0xb4 zephyr/subsys/bluetooth/host/libsubsys__bluetooth__host.a(gatt.c.obj)
                0x0000000000012d08                bt_gatt_foreach_attr_type
 .text.db_hash_gen.constprop.0
                0x0000000000012dbc       0xb8 zephyr/subsys/bluetooth/host/libsubsys__bluetooth__host.a(gatt.c.obj)
 .text.db_hash_read
                0x0000000000012e74       0x74 zephyr/subsys/bluetooth/host/libsubsys__bluetooth__host.a(gatt.c.obj)
 .text.bt_gatt_attr_next
                0x0000000000012ee8       0x24 zephyr/subsys/bluetooth/host/libsubsys__bluetooth__host.a(gatt.c.obj)
                0x0000000000012ee8                bt_gatt_attr_next
 .text.gatt_indicate
                0x0000000000012f0c      0x138 zephyr/subsys/bluetooth/host/libsubsys__bluetooth__host.a(gatt.c.obj)
 .text.bt_gatt_indicate
                0x0000000000013044       0xf0 zephyr/subsys/bluetooth/host/libsubsys__bluetooth__host.a(gatt.c.obj)
                0x0000000000013044                bt_gatt_indicate
 .text.sc_process
                0x0000000000013134       0x60 zephyr/subsys/bluetooth/host/libsubsys__bluetooth__host.a(gatt.c.obj)
 .text.update_ccc
                0x0000000000013194      0x144 zephyr/subsys/bluetooth/host/libsubsys__bluetooth__host.a(gatt.c.obj)
 .text.gatt_notify
                0x00000000000132d8       0xf8 zephyr/subsys/bluetooth/host/libsubsys__bluetooth__host.a(gatt.c.obj)
 .text.bt_gatt_notify_cb
                0x00000000000133d0       0xe8 zephyr/subsys/bluetooth/host/libsubsys__bluetooth__host.a(gatt.c.obj)
                0x00000000000133d0                bt_gatt_notify_cb
 .text.notify_cb
                0x00000000000134b8      0x154 zephyr/subsys/bluetooth/host/libsubsys__bluetooth__host.a(gatt.c.obj)
 .text.bt_gatt_connected
                0x000000000001360c       0x68 zephyr/subsys/bluetooth/host/libsubsys__bluetooth__host.a(gatt.c.obj)
                0x000000000001360c                bt_gatt_connected
 .text.bt_gatt_att_max_mtu_changed
                0x0000000000013674       0x28 zephyr/subsys/bluetooth/host/libsubsys__bluetooth__host.a(gatt.c.obj)
                0x0000000000013674                bt_gatt_att_max_mtu_changed
 .text.bt_gatt_encrypt_change
                0x000000000001369c       0x20 zephyr/subsys/bluetooth/host/libsubsys__bluetooth__host.a(gatt.c.obj)
                0x000000000001369c                bt_gatt_encrypt_change
 .text.bt_gatt_disconnected
                0x00000000000136bc       0x48 zephyr/subsys/bluetooth/host/libsubsys__bluetooth__host.a(gatt.c.obj)
                0x00000000000136bc                bt_gatt_disconnected
 .text.smp_find
                0x0000000000013704       0x1c zephyr/subsys/bluetooth/host/libsubsys__bluetooth__host.a(smp.c.obj)
 .text.latch_auth_cb
                0x0000000000013720       0x2c zephyr/subsys/bluetooth/host/libsubsys__bluetooth__host.a(smp.c.obj)
 .text.get_io_capa
                0x000000000001374c       0x4c zephyr/subsys/bluetooth/host/libsubsys__bluetooth__host.a(smp.c.obj)
 .text.get_auth
                0x0000000000013798       0x3c zephyr/subsys/bluetooth/host/libsubsys__bluetooth__host.a(smp.c.obj)
 .text.bt_smp_pkey_ready.part.0
                0x00000000000137d4       0x30 zephyr/subsys/bluetooth/host/libsubsys__bluetooth__host.a(smp.c.obj)
 .text.smp_chan_get.part.0
                0x0000000000013804       0x34 zephyr/subsys/bluetooth/host/libsubsys__bluetooth__host.a(smp.c.obj)
 .text.bt_smp_accept.part.0
                0x0000000000013838       0x38 zephyr/subsys/bluetooth/host/libsubsys__bluetooth__host.a(smp.c.obj)
 .text.bt_smp_accept
                0x0000000000013870       0x20 zephyr/subsys/bluetooth/host/libsubsys__bluetooth__host.a(smp.c.obj)
 .text.smp_init
                0x0000000000013890       0x38 zephyr/subsys/bluetooth/host/libsubsys__bluetooth__host.a(smp.c.obj)
 .text.smp_dhkey_generate
                0x00000000000138c8       0x5c zephyr/subsys/bluetooth/host/libsubsys__bluetooth__host.a(smp.c.obj)
 .text.smp_ident_info
                0x0000000000013924       0x84 zephyr/subsys/bluetooth/host/libsubsys__bluetooth__host.a(smp.c.obj)
 .text.smp_encrypt_info
                0x00000000000139a8       0x84 zephyr/subsys/bluetooth/host/libsubsys__bluetooth__host.a(smp.c.obj)
 .text.smp_send_pairing_confirm
                0x0000000000013a2c       0xb0 zephyr/subsys/bluetooth/host/libsubsys__bluetooth__host.a(smp.c.obj)
 .text.smp_public_key_periph
                0x0000000000013adc      0x184 zephyr/subsys/bluetooth/host/libsubsys__bluetooth__host.a(smp.c.obj)
 .text.smp_public_key
                0x0000000000013c60       0xbc zephyr/subsys/bluetooth/host/libsubsys__bluetooth__host.a(smp.c.obj)
 .text.smp_pairing_req
                0x0000000000013d1c      0x390 zephyr/subsys/bluetooth/host/libsubsys__bluetooth__host.a(smp.c.obj)
 .text.compute_and_check_and_send_periph_dhcheck
                0x00000000000140ac      0x23c zephyr/subsys/bluetooth/host/libsubsys__bluetooth__host.a(smp.c.obj)
 .text.bt_smp_connected
                0x00000000000142e8       0x30 zephyr/subsys/bluetooth/host/libsubsys__bluetooth__host.a(smp.c.obj)
 .text.smp_pairing_confirm
                0x0000000000014318       0x94 zephyr/subsys/bluetooth/host/libsubsys__bluetooth__host.a(smp.c.obj)
 .text.smp_pairing_random
                0x00000000000143ac      0x298 zephyr/subsys/bluetooth/host/libsubsys__bluetooth__host.a(smp.c.obj)
 .text.bt_smp_start_security
                0x0000000000014644      0x18c zephyr/subsys/bluetooth/host/libsubsys__bluetooth__host.a(smp.c.obj)
                0x0000000000014644                bt_smp_start_security
 .text.smp_pairing_complete
                0x00000000000147d0       0xfc zephyr/subsys/bluetooth/host/libsubsys__bluetooth__host.a(smp.c.obj)
 .text.smp_error
                0x00000000000148cc       0xcc zephyr/subsys/bluetooth/host/libsubsys__bluetooth__host.a(smp.c.obj)
 .text.bt_smp_recv
                0x0000000000014998      0x154 zephyr/subsys/bluetooth/host/libsubsys__bluetooth__host.a(smp.c.obj)
 .text.bt_smp_pkey_ready
                0x0000000000014aec       0x40 zephyr/subsys/bluetooth/host/libsubsys__bluetooth__host.a(smp.c.obj)
 .text.smp_ident_addr_info
                0x0000000000014b2c      0x1d8 zephyr/subsys/bluetooth/host/libsubsys__bluetooth__host.a(smp.c.obj)
 .text.smp_central_ident
                0x0000000000014d04       0xbc zephyr/subsys/bluetooth/host/libsubsys__bluetooth__host.a(smp.c.obj)
 .text.smp_pairing_failed
                0x0000000000014dc0       0x80 zephyr/subsys/bluetooth/host/libsubsys__bluetooth__host.a(smp.c.obj)
 .text.bt_smp_encrypt_change
                0x0000000000014e40      0x250 zephyr/subsys/bluetooth/host/libsubsys__bluetooth__host.a(smp.c.obj)
 .text.smp_timeout
                0x0000000000015090       0x4c zephyr/subsys/bluetooth/host/libsubsys__bluetooth__host.a(smp.c.obj)
 .text.bt_smp_update_keys
                0x00000000000150dc      0x148 zephyr/subsys/bluetooth/host/libsubsys__bluetooth__host.a(smp.c.obj)
                0x00000000000150dc                bt_smp_update_keys
 .text.bt_smp_init
                0x0000000000015224       0x2c zephyr/subsys/bluetooth/host/libsubsys__bluetooth__host.a(smp.c.obj)
                0x0000000000015224                bt_smp_init
 .text.bt_keys_get_addr
                0x0000000000015250       0x4c zephyr/subsys/bluetooth/host/libsubsys__bluetooth__host.a(keys.c.obj)
                0x0000000000015250                bt_keys_get_addr
 .text.bt_keys_foreach_type
                0x000000000001529c       0x1c zephyr/subsys/bluetooth/host/libsubsys__bluetooth__host.a(keys.c.obj)
                0x000000000001529c                bt_keys_foreach_type
 .text.bt_keys_find
                0x00000000000152b8       0x48 zephyr/subsys/bluetooth/host/libsubsys__bluetooth__host.a(keys.c.obj)
                0x00000000000152b8                bt_keys_find
 .text.bt_keys_find_irk
                0x0000000000015300       0x88 zephyr/subsys/bluetooth/host/libsubsys__bluetooth__host.a(keys.c.obj)
                0x0000000000015300                bt_keys_find_irk
 .text.bt_keys_find_addr
                0x0000000000015388       0x20 zephyr/subsys/bluetooth/host/libsubsys__bluetooth__host.a(keys.c.obj)
                0x0000000000015388                bt_keys_find_addr
 .text.net_buf_pool_get
                0x00000000000153a8       0x10 zephyr/subsys/net/libsubsys__net.a(buf.c.obj)
                0x00000000000153a8                net_buf_pool_get
 .text.net_buf_id
                0x00000000000153b8       0x20 zephyr/subsys/net/libsubsys__net.a(buf.c.obj)
                0x00000000000153b8                net_buf_id
 .text.fixed_data_alloc
                0x00000000000153d8       0x30 zephyr/subsys/net/libsubsys__net.a(buf.c.obj)
 .text.net_buf_alloc_len
                0x0000000000015408      0x124 zephyr/subsys/net/libsubsys__net.a(buf.c.obj)
                0x0000000000015408                net_buf_alloc_len
 .text.net_buf_unref
                0x000000000001552c       0x64 zephyr/subsys/net/libsubsys__net.a(buf.c.obj)
                0x000000000001552c                net_buf_unref
 .text.xoshiro128_initialize
                0x0000000000015590       0x18 zephyr/subsys/random/libsubsys__random.a(rand32_xoshiro128.c.obj)
 .text.adc_gain_invert
                0x00000000000155a8       0x2c zephyr/drivers/adc/libdrivers__adc.a(adc_common.c.obj)
                0x00000000000155a8                adc_gain_invert
 .text.adc_context_start_sampling
                0x00000000000155d4       0x1c zephyr/drivers/adc/libdrivers__adc.a(adc_nrfx_saadc.c.obj)
 .text.adc_nrfx_channel_setup
                0x00000000000155f0      0x128 zephyr/drivers/adc/libdrivers__adc.a(adc_nrfx_saadc.c.obj)
 .text.adc_nrfx_read
                0x0000000000015718      0x250 zephyr/drivers/adc/libdrivers__adc.a(adc_nrfx_saadc.c.obj)
 .text.init_saadc
                0x0000000000015968       0x44 zephyr/drivers/adc/libdrivers__adc.a(adc_nrfx_saadc.c.obj)
 .text.saadc_irq_handler
                0x00000000000159ac       0xc8 zephyr/drivers/adc/libdrivers__adc.a(adc_nrfx_saadc.c.obj)
 .text.onoff_stop
                0x0000000000015a74       0x30 zephyr/drivers/clock_control/libdrivers__clock_control.a(clock_control_nrf.c.obj)
 .text.onoff_start
                0x0000000000015aa4       0x44 zephyr/drivers/clock_control/libdrivers__clock_control.a(clock_control_nrf.c.obj)
 .text.clk_init
                0x0000000000015ae8       0x64 zephyr/drivers/clock_control/libdrivers__clock_control.a(clock_control_nrf.c.obj)
 .text.clkstarted_handle.constprop.0
                0x0000000000015b4c       0x34 zephyr/drivers/clock_control/libdrivers__clock_control.a(clock_control_nrf.c.obj)
 .text.clock_event_handler
                0x0000000000015b80       0x30 zephyr/drivers/clock_control/libdrivers__clock_control.a(clock_control_nrf.c.obj)
 .text.generic_hfclk_start
                0x0000000000015bb0       0x64 zephyr/drivers/clock_control/libdrivers__clock_control.a(clock_control_nrf.c.obj)
 .text.api_blocking_start
                0x0000000000015c14       0x3c zephyr/drivers/clock_control/libdrivers__clock_control.a(clock_control_nrf.c.obj)
 .text.generic_hfclk_stop
                0x0000000000015c50       0x24 zephyr/drivers/clock_control/libdrivers__clock_control.a(clock_control_nrf.c.obj)
 .text.z_nrf_clock_control_lf_on
                0x0000000000015c74       0xf8 zephyr/drivers/clock_control/libdrivers__clock_control.a(clock_control_nrf.c.obj)
                0x0000000000015c74                z_nrf_clock_control_lf_on
 .text.uart_console_init
                0x0000000000015d6c       0x28 zephyr/drivers/console/libdrivers__console.a(uart_console.c.obj)
 .text.console_out
                0x0000000000015d94       0x28 zephyr/drivers/console/libdrivers__console.a(uart_console.c.obj)
 .text.gpio_nrfx_pin_interrupt_configure
                0x0000000000015dbc       0xd8 zephyr/drivers/gpio/libdrivers__gpio.a(gpio_nrfx.c.obj)
 .text.gpio_nrfx_init
                0x0000000000015e94       0x38 zephyr/drivers/gpio/libdrivers__gpio.a(gpio_nrfx.c.obj)
 .text.nrfx_gpio_handler
                0x0000000000015ecc       0x4c zephyr/drivers/gpio/libdrivers__gpio.a(gpio_nrfx.c.obj)
 .text.gpio_nrfx_pin_configure
                0x0000000000015f18      0x124 zephyr/drivers/gpio/libdrivers__gpio.a(gpio_nrfx.c.obj)
 .text.uarte_nrfx_configure
                0x000000000001603c      0x17c zephyr/drivers/serial/libdrivers__serial.a(uart_nrfx_uarte.c.obj)
 .text.uarte_0_init
                0x00000000000161b8      0x128 zephyr/drivers/serial/libdrivers__serial.a(uart_nrfx_uarte.c.obj)
 .text.uarte_nrfx_poll_out
                0x00000000000162e0       0xcc zephyr/drivers/serial/libdrivers__serial.a(uart_nrfx_uarte.c.obj)
 .text.bt_rpmsg_send
                0x00000000000163ac       0x84 zephyr/drivers/bluetooth/libdrivers__bluetooth.a(rpmsg.c.obj)
 .text.bt_rpmsg_init
                0x0000000000016430       0x48 zephyr/drivers/bluetooth/libdrivers__bluetooth.a(rpmsg.c.obj)
 .text.hci_ept_bound
                0x0000000000016478        0xc zephyr/drivers/bluetooth/libdrivers__bluetooth.a(rpmsg.c.obj)
 .text.bt_rpmsg_open
                0x0000000000016484       0x94 zephyr/drivers/bluetooth/libdrivers__bluetooth.a(rpmsg.c.obj)
 .text.hci_ept_recv
                0x0000000000016518      0x2a4 zephyr/drivers/bluetooth/libdrivers__bluetooth.a(rpmsg.c.obj)
 .text.compare_int_lock
                0x00000000000167bc       0x40 zephyr/drivers/timer/libdrivers__timer.a(nrf_rtc_timer.c.obj)
 .text.sys_clock_timeout_handler
                0x00000000000167fc       0x80 zephyr/drivers/timer/libdrivers__timer.a(nrf_rtc_timer.c.obj)
 .text.compare_int_unlock
                0x000000000001687c       0x4c zephyr/drivers/timer/libdrivers__timer.a(nrf_rtc_timer.c.obj)
 .text.z_nrf_rtc_timer_compare_evt_address_get
                0x00000000000168c8       0x10 zephyr/drivers/timer/libdrivers__timer.a(nrf_rtc_timer.c.obj)
                0x00000000000168c8                z_nrf_rtc_timer_compare_evt_address_get
 .text.z_nrf_rtc_timer_compare_read
                0x00000000000168d8       0x10 zephyr/drivers/timer/libdrivers__timer.a(nrf_rtc_timer.c.obj)
                0x00000000000168d8                z_nrf_rtc_timer_compare_read
 .text.z_nrf_rtc_timer_read
                0x00000000000168e8       0x44 zephyr/drivers/timer/libdrivers__timer.a(nrf_rtc_timer.c.obj)
                0x00000000000168e8                z_nrf_rtc_timer_read
 .text.compare_set
                0x000000000001692c      0x12c zephyr/drivers/timer/libdrivers__timer.a(nrf_rtc_timer.c.obj)
 .text.sys_clock_driver_init
                0x0000000000016a58       0x94 zephyr/drivers/timer/libdrivers__timer.a(nrf_rtc_timer.c.obj)
 .text.rtc_nrf_isr
                0x0000000000016aec      0x10c zephyr/drivers/timer/libdrivers__timer.a(nrf_rtc_timer.c.obj)
                0x0000000000016aec                rtc_nrf_isr
 .text.z_nrf_rtc_timer_chan_alloc
                0x0000000000016bf8       0x3c zephyr/drivers/timer/libdrivers__timer.a(nrf_rtc_timer.c.obj)
                0x0000000000016bf8                z_nrf_rtc_timer_chan_alloc
 .text.z_nrf_rtc_timer_chan_free
                0x0000000000016c34       0x1c zephyr/drivers/timer/libdrivers__timer.a(nrf_rtc_timer.c.obj)
                0x0000000000016c34                z_nrf_rtc_timer_chan_free
 .text.sys_clock_set_timeout
                0x0000000000016c50       0x60 zephyr/drivers/timer/libdrivers__timer.a(nrf_rtc_timer.c.obj)
                0x0000000000016c50                sys_clock_set_timeout
 .text.sys_clock_elapsed
                0x0000000000016cb0       0x14 zephyr/drivers/timer/libdrivers__timer.a(nrf_rtc_timer.c.obj)
                0x0000000000016cb0                sys_clock_elapsed
 .text.pinctrl_configure_pins
                0x0000000000016cc4      0x180 zephyr/drivers/pinctrl/libdrivers__pinctrl.a(pinctrl_nrf.c.obj)
                0x0000000000016cc4                pinctrl_configure_pins
 .text.mbox_nrf_init
                0x0000000000016e44       0xd8 zephyr/drivers/mbox/libdrivers__mbox.a(mbox_nrfx_ipc.c.obj)
 .text.mbox_nrf_set_enabled
                0x0000000000016f1c       0xb0 zephyr/drivers/mbox/libdrivers__mbox.a(mbox_nrfx_ipc.c.obj)
 .text.mbox_nrf_send
                0x0000000000016fcc       0x64 zephyr/drivers/mbox/libdrivers__mbox.a(mbox_nrfx_ipc.c.obj)
 .text.mbox_dispatcher
                0x0000000000017030       0x94 zephyr/drivers/mbox/libdrivers__mbox.a(mbox_nrfx_ipc.c.obj)
 .text.k_sys_fatal_error_handler
                0x00000000000170c4       0x3c modules/nrf/lib/fatal_error/lib..__nrf__lib__fatal_error.a(fatal_error.c.obj)
                0x00000000000170c4                k_sys_fatal_error_handler
 .text.tfm_ns_interface_dispatch
                0x0000000000017100       0x64 modules/trusted-firmware-m/libtfm_api.a(interface.c.obj)
                0x0000000000017100                tfm_ns_interface_dispatch
 .text.psa_generate_random
                0x0000000000017164       0x44 modules/trusted-firmware-m/libtfm_api.a(tfm_crypto_ipc_api.c.obj)
                0x0000000000017164                psa_generate_random
 .text.psa_call
                0x00000000000171a8       0x38 modules/trusted-firmware-m/libtfm_api.a(tfm_psa_ns_api.c.obj)
                0x00000000000171a8                psa_call
 .text.psa_connect
                0x00000000000171e0       0x1c modules/trusted-firmware-m/libtfm_api.a(tfm_psa_ns_api.c.obj)
                0x00000000000171e0                psa_connect
 .text.psa_close
                0x00000000000171fc       0x1c modules/trusted-firmware-m/libtfm_api.a(tfm_psa_ns_api.c.obj)
                0x00000000000171fc                psa_close
 .text.SystemCoreClockUpdate
                0x0000000000017218       0x20 modules/hal_nordic/nrfx/libmodules__hal_nordic__nrfx.a(system_nrf5340_application.c.obj)
                0x0000000000017218                SystemCoreClockUpdate
 .text.nrfx_flag32_alloc
                0x0000000000017238       0x38 modules/hal_nordic/nrfx/libmodules__hal_nordic__nrfx.a(nrfx_flag32_allocator.c.obj)
                0x0000000000017238                nrfx_flag32_alloc
 .text.nrfx_flag32_free
                0x0000000000017270       0x38 modules/hal_nordic/nrfx/libmodules__hal_nordic__nrfx.a(nrfx_flag32_allocator.c.obj)
                0x0000000000017270                nrfx_flag32_free
 .text.clock_stop
                0x00000000000172a8      0x17c modules/hal_nordic/nrfx/libmodules__hal_nordic__nrfx.a(nrfx_clock.c.obj)
 .text.nrfx_clock_init
                0x0000000000017424       0x20 modules/hal_nordic/nrfx/libmodules__hal_nordic__nrfx.a(nrfx_clock.c.obj)
                0x0000000000017424                nrfx_clock_init
 .text.nrfx_clock_enable
                0x0000000000017444       0x28 modules/hal_nordic/nrfx/libmodules__hal_nordic__nrfx.a(nrfx_clock.c.obj)
                0x0000000000017444                nrfx_clock_enable
 .text.nrfx_clock_start
                0x000000000001746c       0xb8 modules/hal_nordic/nrfx/libmodules__hal_nordic__nrfx.a(nrfx_clock.c.obj)
                0x000000000001746c                nrfx_clock_start
 .text.nrfx_power_clock_irq_handler
                0x0000000000017524       0xac modules/hal_nordic/nrfx/libmodules__hal_nordic__nrfx.a(nrfx_clock.c.obj)
                0x0000000000017524                nrfx_power_clock_irq_handler
 .text.nrfx_dppi_channel_alloc
                0x00000000000175d0        0xc modules/hal_nordic/nrfx/libmodules__hal_nordic__nrfx.a(nrfx_dppi.c.obj)
                0x00000000000175d0                nrfx_dppi_channel_alloc
 .text.nrfx_dppi_channel_free
                0x00000000000175dc       0x1c modules/hal_nordic/nrfx/libmodules__hal_nordic__nrfx.a(nrfx_dppi.c.obj)
                0x00000000000175dc                nrfx_dppi_channel_free
 .text.nrf_gpio_pin_port_decode
                0x00000000000175f8       0x20 modules/hal_nordic/nrfx/libmodules__hal_nordic__nrfx.a(nrfx_gpiote.c.obj)
 .text.pin_in_use_by_te
                0x0000000000017618       0x14 modules/hal_nordic/nrfx/libmodules__hal_nordic__nrfx.a(nrfx_gpiote.c.obj)
 .text.call_handler
                0x000000000001762c       0x3c modules/hal_nordic/nrfx/libmodules__hal_nordic__nrfx.a(nrfx_gpiote.c.obj)
 .text.release_handler
                0x0000000000017668       0x54 modules/hal_nordic/nrfx/libmodules__hal_nordic__nrfx.a(nrfx_gpiote.c.obj)
 .text.pin_handler_trigger_uninit
                0x00000000000176bc       0x3c modules/hal_nordic/nrfx/libmodules__hal_nordic__nrfx.a(nrfx_gpiote.c.obj)
 .text.nrfx_gpiote_input_configure
                0x00000000000176f8      0x15c modules/hal_nordic/nrfx/libmodules__hal_nordic__nrfx.a(nrfx_gpiote.c.obj)
                0x00000000000176f8                nrfx_gpiote_input_configure
 .text.nrfx_gpiote_output_configure
                0x0000000000017854       0xe8 modules/hal_nordic/nrfx/libmodules__hal_nordic__nrfx.a(nrfx_gpiote.c.obj)
                0x0000000000017854                nrfx_gpiote_output_configure
 .text.nrfx_gpiote_global_callback_set
                0x000000000001793c        0xc modules/hal_nordic/nrfx/libmodules__hal_nordic__nrfx.a(nrfx_gpiote.c.obj)
                0x000000000001793c                nrfx_gpiote_global_callback_set
 .text.nrfx_gpiote_channel_get
                0x0000000000017948       0x2c modules/hal_nordic/nrfx/libmodules__hal_nordic__nrfx.a(nrfx_gpiote.c.obj)
                0x0000000000017948                nrfx_gpiote_channel_get
 .text.nrfx_gpiote_init
                0x0000000000017974       0x50 modules/hal_nordic/nrfx/libmodules__hal_nordic__nrfx.a(nrfx_gpiote.c.obj)
                0x0000000000017974                nrfx_gpiote_init
 .text.nrfx_gpiote_is_init
                0x00000000000179c4       0x14 modules/hal_nordic/nrfx/libmodules__hal_nordic__nrfx.a(nrfx_gpiote.c.obj)
                0x00000000000179c4                nrfx_gpiote_is_init
 .text.nrfx_gpiote_channel_free
                0x00000000000179d8        0xc modules/hal_nordic/nrfx/libmodules__hal_nordic__nrfx.a(nrfx_gpiote.c.obj)
                0x00000000000179d8                nrfx_gpiote_channel_free
 .text.nrfx_gpiote_channel_alloc
                0x00000000000179e4        0xc modules/hal_nordic/nrfx/libmodules__hal_nordic__nrfx.a(nrfx_gpiote.c.obj)
                0x00000000000179e4                nrfx_gpiote_channel_alloc
 .text.nrfx_gpiote_trigger_enable
                0x00000000000179f0       0x8c modules/hal_nordic/nrfx/libmodules__hal_nordic__nrfx.a(nrfx_gpiote.c.obj)
                0x00000000000179f0                nrfx_gpiote_trigger_enable
 .text.nrfx_gpiote_trigger_disable
                0x0000000000017a7c       0x50 modules/hal_nordic/nrfx/libmodules__hal_nordic__nrfx.a(nrfx_gpiote.c.obj)
                0x0000000000017a7c                nrfx_gpiote_trigger_disable
 .text.nrfx_gpiote_pin_uninit
                0x0000000000017acc       0x50 modules/hal_nordic/nrfx/libmodules__hal_nordic__nrfx.a(nrfx_gpiote.c.obj)
                0x0000000000017acc                nrfx_gpiote_pin_uninit
 .text.nrfx_gpiote_irq_handler
                0x0000000000017b1c      0x1b0 modules/hal_nordic/nrfx/libmodules__hal_nordic__nrfx.a(nrfx_gpiote.c.obj)
                0x0000000000017b1c                nrfx_gpiote_irq_handler
 .text.nrfx_ipc_init
                0x0000000000017ccc       0x30 modules/hal_nordic/nrfx/libmodules__hal_nordic__nrfx.a(nrfx_ipc.c.obj)
                0x0000000000017ccc                nrfx_ipc_init
 .text.nrfx_ipc_config_load
                0x0000000000017cfc       0x40 modules/hal_nordic/nrfx/libmodules__hal_nordic__nrfx.a(nrfx_ipc.c.obj)
                0x0000000000017cfc                nrfx_ipc_config_load
 .text.nrfx_ipc_receive_event_enable
                0x0000000000017d3c       0x10 modules/hal_nordic/nrfx/libmodules__hal_nordic__nrfx.a(nrfx_ipc.c.obj)
                0x0000000000017d3c                nrfx_ipc_receive_event_enable
 .text.nrfx_ipc_receive_event_disable
                0x0000000000017d4c       0x10 modules/hal_nordic/nrfx/libmodules__hal_nordic__nrfx.a(nrfx_ipc.c.obj)
                0x0000000000017d4c                nrfx_ipc_receive_event_disable
 .text.nrfx_ipc_irq_handler
                0x0000000000017d5c       0x40 modules/hal_nordic/nrfx/libmodules__hal_nordic__nrfx.a(nrfx_ipc.c.obj)
                0x0000000000017d5c                nrfx_ipc_irq_handler
 .text.metal_generic_dev_open
                0x0000000000017d9c       0x40 modules/libmetal/libmetal/lib/libmetal.a(device.c.obj)
                0x0000000000017d9c                metal_generic_dev_open
 .text.metal_bus_unregister
                0x0000000000017ddc       0x3c modules/libmetal/libmetal/lib/libmetal.a(device.c.obj)
                0x0000000000017ddc                metal_bus_unregister
 .text.metal_bus_find
                0x0000000000017e18       0x3c modules/libmetal/libmetal/lib/libmetal.a(device.c.obj)
                0x0000000000017e18                metal_bus_find
 .text.metal_bus_register
                0x0000000000017e54       0x68 modules/libmetal/libmetal/lib/libmetal.a(device.c.obj)
                0x0000000000017e54                metal_bus_register
 .text.metal_register_generic_device
                0x0000000000017ebc       0x40 modules/libmetal/libmetal/lib/libmetal.a(device.c.obj)
                0x0000000000017ebc                metal_register_generic_device
 .text.metal_init
                0x0000000000017efc       0x40 modules/libmetal/libmetal/lib/libmetal.a(init.c.obj)
                0x0000000000017efc                metal_init
 .text.metal_finish
                0x0000000000017f3c       0x18 modules/libmetal/libmetal/lib/libmetal.a(init.c.obj)
                0x0000000000017f3c                metal_finish
 .text.metal_sys_init
                0x0000000000017f54       0x10 modules/libmetal/libmetal/lib/libmetal.a(init.c.obj)
                0x0000000000017f54                metal_sys_init
 .text.metal_sys_finish
                0x0000000000017f64        0xc modules/libmetal/libmetal/lib/libmetal.a(init.c.obj)
                0x0000000000017f64                metal_sys_finish
 .text.metal_zephyr_log_handler
                0x0000000000017f70       0x3c modules/libmetal/libmetal/lib/libmetal.a(log.c.obj)
                0x0000000000017f70                metal_zephyr_log_handler
 .text.virtio_create_virtqueues
                0x0000000000017fac       0xa0 modules/open-amp/open-amp/lib/libopen_amp.a(virtio.c.obj)
                0x0000000000017fac                virtio_create_virtqueues
 .text.virtqueue_free
                0x000000000001804c       0x38 modules/open-amp/open-amp/lib/libopen_amp.a(virtqueue.c.obj)
                0x000000000001804c                virtqueue_free
 .text.virtqueue_add_consumed_buffer
                0x0000000000018084       0x38 modules/open-amp/open-amp/lib/libopen_amp.a(virtqueue.c.obj)
                0x0000000000018084                virtqueue_add_consumed_buffer
 .text.rpmsg_send_offchannel_raw
                0x00000000000180bc       0x24 modules/open-amp/open-amp/lib/libopen_amp.a(rpmsg.c.obj)
                0x00000000000180bc                rpmsg_send_offchannel_raw
 .text.rpmsg_send_offchannel_nocopy
                0x00000000000180e0       0x28 modules/open-amp/open-amp/lib/libopen_amp.a(rpmsg.c.obj)
                0x00000000000180e0                rpmsg_send_offchannel_nocopy
 .text.rpmsg_register_endpoint
                0x0000000000018108       0x40 modules/open-amp/open-amp/lib/libopen_amp.a(rpmsg.c.obj)
                0x0000000000018108                rpmsg_register_endpoint
 .text.rpmsg_create_ept
                0x0000000000018148       0xf4 modules/open-amp/open-amp/lib/libopen_amp.a(rpmsg.c.obj)
                0x0000000000018148                rpmsg_create_ept
 .text.rpmsg_virtio_send_offchannel_raw
                0x000000000001823c       0x5c modules/open-amp/open-amp/lib/libopen_amp.a(rpmsg_virtio.c.obj)
 .text.rpmsg_virtio_get_buffer_size
                0x0000000000018298       0x4c modules/open-amp/open-amp/lib/libopen_amp.a(rpmsg_virtio.c.obj)
                0x0000000000018298                rpmsg_virtio_get_buffer_size
 .text.rpmsg_init_vdev_with_config
                0x00000000000182e4      0x220 modules/open-amp/open-amp/lib/libopen_amp.a(rpmsg_virtio.c.obj)
                0x00000000000182e4                rpmsg_init_vdev_with_config
 .text.rpmsg_init_vdev
                0x0000000000018504       0x28 modules/open-amp/open-amp/lib/libopen_amp.a(rpmsg_virtio.c.obj)
                0x0000000000018504                rpmsg_init_vdev
 .text.z_fatal_error
                0x000000000001852c      0x10c zephyr/kernel/libkernel.a(fatal.c.obj)
                0x000000000001852c                z_fatal_error
 .text.z_sys_init_run_level
                0x0000000000018638       0x44 zephyr/kernel/libkernel.a(init.c.obj)
 .text.bg_thread_main
                0x000000000001867c       0x34 zephyr/kernel/libkernel.a(init.c.obj)
 .text.z_bss_zero
                0x00000000000186b0       0x18 zephyr/kernel/libkernel.a(init.c.obj)
                0x00000000000186b0                z_bss_zero
 .text.z_init_cpu
                0x00000000000186c8       0x68 zephyr/kernel/libkernel.a(init.c.obj)
                0x00000000000186c8                z_init_cpu
 .text.z_cstart
                0x0000000000018730       0xe4 zephyr/kernel/libkernel.a(init.c.obj)
                0x0000000000018730                z_cstart
 .text.statics_init
                0x0000000000018814       0x24 zephyr/kernel/libkernel.a(kheap.c.obj)
 .text.init_mem_slab_module
                0x0000000000018838       0x24 zephyr/kernel/libkernel.a(mem_slab.c.obj)
 .text.k_mem_slab_alloc
                0x000000000001885c       0x5c zephyr/kernel/libkernel.a(mem_slab.c.obj)
                0x000000000001885c                k_mem_slab_alloc
 .text.z_setup_new_thread
                0x00000000000188b8       0x60 zephyr/kernel/libkernel.a(thread.c.obj)
                0x00000000000188b8                z_setup_new_thread
 .text.z_impl_k_thread_create
                0x0000000000018918       0x58 zephyr/kernel/libkernel.a(thread.c.obj)
                0x0000000000018918                z_impl_k_thread_create
 .text.z_init_static_threads
                0x0000000000018970       0xb8 zephyr/kernel/libkernel.a(thread.c.obj)
                0x0000000000018970                z_init_static_threads
 .text.idle     0x0000000000018a28       0x38 zephyr/kernel/libkernel.a(idle.c.obj)
                0x0000000000018a28                idle
 .text.z_impl_k_mutex_lock
                0x0000000000018a60       0xf4 zephyr/kernel/libkernel.a(mutex.c.obj)
                0x0000000000018a60                z_impl_k_mutex_lock
 .text.z_impl_k_mutex_unlock
                0x0000000000018b54       0x78 zephyr/kernel/libkernel.a(mutex.c.obj)
                0x0000000000018b54                z_impl_k_mutex_unlock
 .text.z_impl_k_queue_get
                0x0000000000018bcc       0x68 zephyr/kernel/libkernel.a(queue.c.obj)
                0x0000000000018bcc                z_impl_k_queue_get
 .text.z_impl_k_sem_give
                0x0000000000018c34       0x4c zephyr/kernel/libkernel.a(sem.c.obj)
                0x0000000000018c34                z_impl_k_sem_give
 .text.z_impl_k_sem_take
                0x0000000000018c80       0x50 zephyr/kernel/libkernel.a(sem.c.obj)
                0x0000000000018c80                z_impl_k_sem_take
 .text.k_sys_work_q_init
                0x0000000000018cd0       0x34 zephyr/kernel/libkernel.a(system_work_q.c.obj)
 .text.work_queue_main
                0x0000000000018d04      0x138 zephyr/kernel/libkernel.a(work.c.obj)
 .text.cancel_sync_locked
                0x0000000000018e3c       0x3c zephyr/kernel/libkernel.a(work.c.obj)
 .text.submit_to_queue_locked
                0x0000000000018e78       0xb4 zephyr/kernel/libkernel.a(work.c.obj)
 .text.k_work_submit
                0x0000000000018f2c        0xc zephyr/kernel/libkernel.a(work.c.obj)
                0x0000000000018f2c                k_work_submit
 .text.k_work_queue_start
                0x0000000000018f38       0x70 zephyr/kernel/libkernel.a(work.c.obj)
                0x0000000000018f38                k_work_queue_start
 .text.k_work_queue_drain
                0x0000000000018fa8       0x7c zephyr/kernel/libkernel.a(work.c.obj)
                0x0000000000018fa8                k_work_queue_drain
 .text.k_work_schedule_for_queue
                0x0000000000019024       0x54 zephyr/kernel/libkernel.a(work.c.obj)
                0x0000000000019024                k_work_schedule_for_queue
 .text.k_work_schedule
                0x0000000000019078        0xc zephyr/kernel/libkernel.a(work.c.obj)
                0x0000000000019078                k_work_schedule
 .text.k_work_reschedule_for_queue
                0x0000000000019084       0x5c zephyr/kernel/libkernel.a(work.c.obj)
                0x0000000000019084                k_work_reschedule_for_queue
 .text.k_work_reschedule
                0x00000000000190e0        0xc zephyr/kernel/libkernel.a(work.c.obj)
                0x00000000000190e0                k_work_reschedule
 .text.z_reset_time_slice
                0x00000000000190ec       0x28 zephyr/kernel/libkernel.a(sched.c.obj)
                0x00000000000190ec                z_reset_time_slice
 .text.update_cache
                0x0000000000019114       0x3c zephyr/kernel/libkernel.a(sched.c.obj)
 .text.move_thread_to_end_of_prio_q
                0x0000000000019150       0x74 zephyr/kernel/libkernel.a(sched.c.obj)
 .text.ready_thread
                0x00000000000191c4       0x68 zephyr/kernel/libkernel.a(sched.c.obj)
 .text.unready_thread
                0x000000000001922c       0x30 zephyr/kernel/libkernel.a(sched.c.obj)
 .text.pend_locked
                0x000000000001925c       0x30 zephyr/kernel/libkernel.a(sched.c.obj)
 .text.k_sched_time_slice_set
                0x000000000001928c       0x64 zephyr/kernel/libkernel.a(sched.c.obj)
                0x000000000001928c                k_sched_time_slice_set
 .text.z_time_slice
                0x00000000000192f0       0x84 zephyr/kernel/libkernel.a(sched.c.obj)